******************************************************************************
                  TI ARM Linker PC v20.2.7                     
******************************************************************************
>> Linked Sun Dec  4 20:19:47 2022

OUTPUT FILE NAME:   <piout_simulator.out>
ENTRY POINT SYMBOL: "_c_int00_noargs"  address: 0000140d


MEMORY CONFIGURATION

         name            origin    length      used     unused   attr    fill
----------------------  --------  ---------  --------  --------  ----  --------
  MAIN                  00000000   00040000  000014dc  0003eb24  R  X
  INFO                  00200000   00004000  00000000  00004000  R  X
  SRAM_CODE             01000000   00010000  0000023b  0000fdc5  RW X
  SRAM_DATA             20000000   00010000  0000023b  0000fdc5  RW  


SEGMENT ALLOCATION MAP

run origin  load origin   length   init length attrs members
----------  ----------- ---------- ----------- ----- -------
00000000    00000000    000014e0   000014e0    r-x
  00000000    00000000    000000e4   000000e4    r-- .intvecs
  000000e4    000000e4    000013c0   000013c0    r-x .text
  000014a8    000014a8    00000038   00000038    r-- .cinit
20000000    20000000    0000003c   00000000    rw-
  20000000    20000000    0000001f   00000000    rw- .bss
  20000020    20000020    0000001c   00000000    rw- .data
2000fe00    2000fe00    00000200   00000000    rw-
  2000fe00    2000fe00    00000200   00000000    rw- .stack


SECTION ALLOCATION MAP

 output                                  attributes/
section   page    origin      length       input sections
--------  ----  ----------  ----------   ----------------
.intvecs   0    00000000    000000e4     
                  00000000    000000e4     startup_msp432p401r_ccs.obj (.intvecs:retain)

.text      0    000000e4    000013c0     
                  000000e4    0000056c     Encoder.obj (.text)
                  00000650    000003c0     PWM.obj (.text)
                  00000a10    00000334     system_msp432p401r.obj (.text)
                  00000d44    000001e0     Clock.obj (.text)
                  00000f24    000001cc     UART.obj (.text)
                  000010f0    00000194     main.obj (.text)
                  00001284    0000009c     rtsv7M4_T_le_v4SPD16_eabi.lib : memcpy_t2.asm.obj (.text)
                  00001320    00000068                                   : copy_decompress_lzss.c.obj (.text:decompress:lzss:__TI_decompress_lzss)
                  00001388    00000044                                   : autoinit.c.obj (.text:__TI_auto_init_nobinit_nopinit:__TI_auto_init_nobinit_nopinit)
                  000013cc    00000040     SwitchReader.obj (.text)
                  0000140c    00000034     rtsv7M4_T_le_v4SPD16_eabi.lib : boot_cortex_m.c.obj (.text:_c_int00_noargs:_c_int00_noargs)
                  00001440    00000024     CortexM.obj (.text)
                  00001464    0000001c     rtsv7M4_T_le_v4SPD16_eabi.lib : copy_zero_init.c.obj (.text:decompress:ZI:__TI_zero_init_nomemset:__TI_zero_init_nomemset)
                  00001480    0000000e                                   : copy_decompress_none.c.obj (.text:decompress:none:__TI_decompress_none)
                  0000148e    0000000e     startup_msp432p401r_ccs.obj (.text)
                  0000149c    00000004     rtsv7M4_T_le_v4SPD16_eabi.lib : pre_init.c.obj (.text:_system_pre_init)
                  000014a0    00000004                                   : exit.c.obj (.text:abort:abort)

.cinit     0    000014a8    00000038     
                  000014a8    0000000d     (.cinit..data.load) [load image, compression = lzss]
                  000014b5    00000003     --HOLE-- [fill = 0]
                  000014b8    0000000c     (__TI_handler_table)
                  000014c4    00000004     --HOLE-- [fill = 0]
                  000014c8    00000008     (.cinit..bss.load) [load image, compression = zero_init]
                  000014d0    00000010     (__TI_cinit_table)

.init_array 
*          0    00000000    00000000     UNINITIALIZED

.binit     0    00000000    00000000     

.bss       0    20000000    0000001f     UNINITIALIZED
                  20000000    00000004     (.common:LDef_Encoder)
                  20000004    00000004     (.common:LOff_Encoder)
                  20000008    00000004     (.common:RDef_Encoder)
                  2000000c    00000004     (.common:ROff_Encoder)
                  20000010    00000002     (.common:desired_defense_position)
                  20000012    00000002     (.common:desired_offense_position)
                  20000014    00000002     (.common:scratch_defense_position)
                  20000016    00000002     (.common:scratch_offense_position)
                  20000018    00000001     (.common:LDef_PWM_Pin)
                  20000019    00000001     (.common:LOff_PWM_Pin)
                  2000001a    00000001     (.common:RDef_PWM_Pin)
                  2000001b    00000001     (.common:ROff_PWM_Pin)
                  2000001c    00000001     (.common:defense_rotstate)
                  2000001d    00000001     (.common:offense_rotstate)
                  2000001e    00000001     (.common:switch_image)

.data      0    20000020    0000001c     UNINITIALIZED
                  20000020    00000018     Clock.obj (.data)
                  20000038    00000004     system_msp432p401r.obj (.data)

.stack     0    2000fe00    00000200     UNINITIALIZED
                  2000fe00    00000004     rtsv7M4_T_le_v4SPD16_eabi.lib : boot_cortex_m.c.obj (.stack)
                  2000fe04    000001fc     --HOLE--

__llvm_prf_cnts 
*          0    20000000    00000000     UNINITIALIZED

MODULE SUMMARY

       Module                        code   ro data   rw data
       ------                        ----   -------   -------
    .\
       Encoder.obj                   1388   0         32     
       PWM.obj                       960    0         8      
       system_msp432p401r.obj        820    0         8      
       Clock.obj                     480    0         48     
       UART.obj                      460    0         20     
       main.obj                      404    0         2      
       startup_msp432p401r_ccs.obj   14     228       0      
       SwitchReader.obj              64     0         0      
       CortexM.obj                   36     0         0      
    +--+-----------------------------+------+---------+---------+
       Total:                        4626   228       118    
                                                             
    C:\ti\ccs1210\ccs\tools\compiler\ti-cgt-arm_20.2.7.LTS\lib\rtsv7M4_T_le_v4SPD16_eabi.lib
       memcpy_t2.asm.obj             156    0         0      
       copy_decompress_lzss.c.obj    104    0         0      
       autoinit.c.obj                68     0         0      
       boot_cortex_m.c.obj           52     0         0      
       copy_zero_init.c.obj          28     0         0      
       copy_decompress_none.c.obj    14     0         0      
       exit.c.obj                    4      0         0      
       pre_init.c.obj                4      0         0      
    +--+-----------------------------+------+---------+---------+
       Total:                        430    0         0      
                                                             
       Stack:                        0      0         1024   
       Linker Generated:             0      49        0      
    +--+-----------------------------+------+---------+---------+
       Grand Total:                  5056   277       1142   


LINKER GENERATED COPY TABLES

__TI_cinit_table @ 000014d0 records: 2, size/record: 8, table size: 16
	.data: load addr=000014a8, load size=0000000d bytes, run addr=20000020, run size=0000001c bytes, compression=lzss
	.bss: load addr=000014c8, load size=00000008 bytes, run addr=20000000, run size=0000001f bytes, compression=zero_init


LINKER GENERATED HANDLER TABLE

__TI_handler_table @ 000014b8 records: 3, size/record: 4, table size: 12
	index: 0, handler: __TI_decompress_lzss
	index: 1, handler: __TI_decompress_none
	index: 2, handler: __TI_zero_init


GLOBAL SYMBOLS: SORTED ALPHABETICALLY BY Name 

address   name                          
-------   ----                          
0000149b  ADC14_IRQHandler              
0000149b  AES256_IRQHandler             
0000149b  BusFault_Handler              
000014a1  C$$EXIT                       
0000149b  COMP_E0_IRQHandler            
0000149b  COMP_E1_IRQHandler            
20000028  CPMwait                       
0000149b  CS_IRQHandler                 
20000020  ClockFrequency                
00000e99  Clock_Delay1ms                
00000e6f  Clock_Delay1us                
00000e5b  Clock_GetFreq                 
00000d45  Clock_Init48MHz               
20000034  Crystalstable                 
0000149b  DMA_ERR_IRQHandler            
0000149b  DMA_INT0_IRQHandler           
0000149b  DMA_INT1_IRQHandler           
0000149b  DMA_INT2_IRQHandler           
0000149b  DMA_INT3_IRQHandler           
0000149b  DebugMon_Handler              
0000149b  Default_Handler               
00001441  DisableInterrupts             
00000fad  EUSCIA0_IRQHandler            
00000fad  EUSCIA0_IRQHandler            
0000149b  EUSCIA1_IRQHandler            
0000149b  EUSCIA2_IRQHandler            
0000149b  EUSCIA3_IRQHandler            
0000149b  EUSCIB0_IRQHandler            
0000149b  EUSCIB1_IRQHandler            
0000149b  EUSCIB2_IRQHandler            
0000149b  EUSCIB3_IRQHandler            
00001447  EnableInterrupts              
000000e5  Encoder_Init                  
00001457  EndCritical                   
0000149b  FLCTL_IRQHandler              
0000149b  FPU_IRQHandler                
0000149b  HardFault_Handler             
20000030  IFlags                        
20000000  LDef_Encoder                  
20000018  LDef_PWM_Pin                  
20000004  LOff_Encoder                  
20000019  LOff_PWM_Pin                  
0000149b  MemManage_Handler             
0000149b  NMI_Handler                   
0000149b  PCM_IRQHandler                
000001ef  PORT1_IRQHandler              
000001ef  PORT1_IRQHandler              
000002e9  PORT2_IRQHandler              
000002e9  PORT2_IRQHandler              
00000441  PORT3_IRQHandler              
00000441  PORT3_IRQHandler              
0000053d  PORT4_IRQHandler              
0000053d  PORT4_IRQHandler              
0000149b  PORT5_IRQHandler              
0000149b  PORT6_IRQHandler              
0000149b  PSS_IRQHandler                
00000651  PWM_Init                      
0000149b  PendSV_Handler                
2000002c  Postwait                      
20000024  Prewait                       
000010f1  ProportionalControl           
20000008  RDef_Encoder                  
2000001a  RDef_PWM_Pin                  
2000000c  ROff_Encoder                  
2000001b  ROff_PWM_Pin                  
0000149b  RTC_C_IRQHandler              
000013ed  ReadSwitches                  
0000148f  Reset_Handler                 
0000149b  SVC_Handler                   
0000082f  SetDir_LDef                   
0000086f  SetDir_LOff                   
000007af  SetDir_RDef                   
000007ef  SetDir_ROff                   
0000072f  SetDuty_LDef                  
0000074f  SetDuty_LOff                  
0000076f  SetDuty_RDef                  
0000078f  SetDuty_ROff                  
0000144d  StartCritical                 
000013cd  SwitchReader_Init             
0000149b  SysTick_Handler               
20000038  SystemCoreClock               
00000a11  SystemCoreClockUpdate         
00000c89  SystemInit                    
0000149b  T32_INT1_IRQHandler           
0000149b  T32_INT2_IRQHandler           
0000149b  T32_INTC_IRQHandler           
000008af  TA0_0_IRQHandler              
000008af  TA0_0_IRQHandler              
00000933  TA0_N_IRQHandler              
00000933  TA0_N_IRQHandler              
0000149b  TA1_0_IRQHandler              
0000149b  TA1_N_IRQHandler              
0000149b  TA2_0_IRQHandler              
0000149b  TA2_N_IRQHandler              
0000149b  TA3_0_IRQHandler              
0000149b  TA3_N_IRQHandler              
00000f25  UART_A0_Init                  
00000f91  UART_A0_OutChar               
0000149b  UsageFault_Handler            
4000480c  WDTCTL_SYM                    
0000149b  WDT_A_IRQHandler              
0000145f  WaitForInterrupt              
20010000  __STACK_END                   
00000200  __STACK_SIZE                  
000014d0  __TI_CINIT_Base               
000014e0  __TI_CINIT_Limit              
000014b8  __TI_Handler_Table_Base       
000014c4  __TI_Handler_Table_Limit      
00001389  __TI_auto_init_nobinit_nopinit
00001321  __TI_decompress_lzss          
00001481  __TI_decompress_none          
ffffffff  __TI_pprof_out_hndl           
ffffffff  __TI_prof_data_size           
ffffffff  __TI_prof_data_start          
00000000  __TI_static_base__            
00001465  __TI_zero_init_nomemset       
00001285  __aeabi_memcpy                
00001285  __aeabi_memcpy4               
00001285  __aeabi_memcpy8               
ffffffff  __binit__                     
ffffffff  __c_args__                    
UNDEFED   __mpu_init                    
2000fe00  __stack                       
20000000  __start___llvm_prf_cnts       
20000000  __stop___llvm_prf_cnts        
0000140d  _c_int00_noargs               
UNDEFED   _system_post_cinit            
0000149d  _system_pre_init              
000014a1  abort                         
ffffffff  binit                         
2000001c  defense_rotstate              
00000e61  delay                         
20000010  desired_defense_position      
20000012  desired_offense_position      
00000000  interruptVectors              
00001119  main                          
00001285  memcpy                        
2000001d  offense_rotstate              
20000014  scratch_defense_position      
20000016  scratch_offense_position      
2000001e  switch_image                  


GLOBAL SYMBOLS: SORTED BY Symbol Address 

address   name                          
-------   ----                          
00000000  __TI_static_base__            
00000000  interruptVectors              
000000e5  Encoder_Init                  
000001ef  PORT1_IRQHandler              
000001ef  PORT1_IRQHandler              
00000200  __STACK_SIZE                  
000002e9  PORT2_IRQHandler              
000002e9  PORT2_IRQHandler              
00000441  PORT3_IRQHandler              
00000441  PORT3_IRQHandler              
0000053d  PORT4_IRQHandler              
0000053d  PORT4_IRQHandler              
00000651  PWM_Init                      
0000072f  SetDuty_LDef                  
0000074f  SetDuty_LOff                  
0000076f  SetDuty_RDef                  
0000078f  SetDuty_ROff                  
000007af  SetDir_RDef                   
000007ef  SetDir_ROff                   
0000082f  SetDir_LDef                   
0000086f  SetDir_LOff                   
000008af  TA0_0_IRQHandler              
000008af  TA0_0_IRQHandler              
00000933  TA0_N_IRQHandler              
00000933  TA0_N_IRQHandler              
00000a11  SystemCoreClockUpdate         
00000c89  SystemInit                    
00000d45  Clock_Init48MHz               
00000e5b  Clock_GetFreq                 
00000e61  delay                         
00000e6f  Clock_Delay1us                
00000e99  Clock_Delay1ms                
00000f25  UART_A0_Init                  
00000f91  UART_A0_OutChar               
00000fad  EUSCIA0_IRQHandler            
00000fad  EUSCIA0_IRQHandler            
000010f1  ProportionalControl           
00001119  main                          
00001285  __aeabi_memcpy                
00001285  __aeabi_memcpy4               
00001285  __aeabi_memcpy8               
00001285  memcpy                        
00001321  __TI_decompress_lzss          
00001389  __TI_auto_init_nobinit_nopinit
000013cd  SwitchReader_Init             
000013ed  ReadSwitches                  
0000140d  _c_int00_noargs               
00001441  DisableInterrupts             
00001447  EnableInterrupts              
0000144d  StartCritical                 
00001457  EndCritical                   
0000145f  WaitForInterrupt              
00001465  __TI_zero_init_nomemset       
00001481  __TI_decompress_none          
0000148f  Reset_Handler                 
0000149b  ADC14_IRQHandler              
0000149b  AES256_IRQHandler             
0000149b  BusFault_Handler              
0000149b  COMP_E0_IRQHandler            
0000149b  COMP_E1_IRQHandler            
0000149b  CS_IRQHandler                 
0000149b  DMA_ERR_IRQHandler            
0000149b  DMA_INT0_IRQHandler           
0000149b  DMA_INT1_IRQHandler           
0000149b  DMA_INT2_IRQHandler           
0000149b  DMA_INT3_IRQHandler           
0000149b  DebugMon_Handler              
0000149b  Default_Handler               
0000149b  EUSCIA1_IRQHandler            
0000149b  EUSCIA2_IRQHandler            
0000149b  EUSCIA3_IRQHandler            
0000149b  EUSCIB0_IRQHandler            
0000149b  EUSCIB1_IRQHandler            
0000149b  EUSCIB2_IRQHandler            
0000149b  EUSCIB3_IRQHandler            
0000149b  FLCTL_IRQHandler              
0000149b  FPU_IRQHandler                
0000149b  HardFault_Handler             
0000149b  MemManage_Handler             
0000149b  NMI_Handler                   
0000149b  PCM_IRQHandler                
0000149b  PORT5_IRQHandler              
0000149b  PORT6_IRQHandler              
0000149b  PSS_IRQHandler                
0000149b  PendSV_Handler                
0000149b  RTC_C_IRQHandler              
0000149b  SVC_Handler                   
0000149b  SysTick_Handler               
0000149b  T32_INT1_IRQHandler           
0000149b  T32_INT2_IRQHandler           
0000149b  T32_INTC_IRQHandler           
0000149b  TA1_0_IRQHandler              
0000149b  TA1_N_IRQHandler              
0000149b  TA2_0_IRQHandler              
0000149b  TA2_N_IRQHandler              
0000149b  TA3_0_IRQHandler              
0000149b  TA3_N_IRQHandler              
0000149b  UsageFault_Handler            
0000149b  WDT_A_IRQHandler              
0000149d  _system_pre_init              
000014a1  C$$EXIT                       
000014a1  abort                         
000014b8  __TI_Handler_Table_Base       
000014c4  __TI_Handler_Table_Limit      
000014d0  __TI_CINIT_Base               
000014e0  __TI_CINIT_Limit              
20000000  LDef_Encoder                  
20000000  __start___llvm_prf_cnts       
20000000  __stop___llvm_prf_cnts        
20000004  LOff_Encoder                  
20000008  RDef_Encoder                  
2000000c  ROff_Encoder                  
20000010  desired_defense_position      
20000012  desired_offense_position      
20000014  scratch_defense_position      
20000016  scratch_offense_position      
20000018  LDef_PWM_Pin                  
20000019  LOff_PWM_Pin                  
2000001a  RDef_PWM_Pin                  
2000001b  ROff_PWM_Pin                  
2000001c  defense_rotstate              
2000001d  offense_rotstate              
2000001e  switch_image                  
20000020  ClockFrequency                
20000024  Prewait                       
20000028  CPMwait                       
2000002c  Postwait                      
20000030  IFlags                        
20000034  Crystalstable                 
20000038  SystemCoreClock               
2000fe00  __stack                       
20010000  __STACK_END                   
4000480c  WDTCTL_SYM                    
ffffffff  __TI_pprof_out_hndl           
ffffffff  __TI_prof_data_size           
ffffffff  __TI_prof_data_start          
ffffffff  __binit__                     
ffffffff  __c_args__                    
ffffffff  binit                         
UNDEFED   __mpu_init                    
UNDEFED   _system_post_cinit            

[141 symbols]
