<?xml version="1.0" encoding="ISO-8859-1" ?>
<link_info>
   <banner>TI ARM Linker PC v20.2.7.LTS</banner>
   <copyright>Copyright (c) 1996-2018 Texas Instruments Incorporated</copyright>
   <link_time>0x638d4733</link_time>
   <link_errors>0x0</link_errors>
   <output_file>piout_simulator.out</output_file>
   <entry_point>
      <name>_c_int00_noargs</name>
      <address>0x140d</address>
   </entry_point>
   <input_file_list>
      <input_file id="fl-2">
         <path>.\</path>
         <kind>object</kind>
         <file>Clock.obj</file>
         <name>Clock.obj</name>
      </input_file>
      <input_file id="fl-3">
         <path>.\</path>
         <kind>object</kind>
         <file>CortexM.obj</file>
         <name>CortexM.obj</name>
      </input_file>
      <input_file id="fl-4">
         <path>.\</path>
         <kind>object</kind>
         <file>Encoder.obj</file>
         <name>Encoder.obj</name>
      </input_file>
      <input_file id="fl-5">
         <path>.\</path>
         <kind>object</kind>
         <file>PWM.obj</file>
         <name>PWM.obj</name>
      </input_file>
      <input_file id="fl-6">
         <path>.\</path>
         <kind>object</kind>
         <file>SwitchReader.obj</file>
         <name>SwitchReader.obj</name>
      </input_file>
      <input_file id="fl-7">
         <path>.\</path>
         <kind>object</kind>
         <file>UART.obj</file>
         <name>UART.obj</name>
      </input_file>
      <input_file id="fl-8">
         <path>.\</path>
         <kind>object</kind>
         <file>main.obj</file>
         <name>main.obj</name>
      </input_file>
      <input_file id="fl-9">
         <path>.\</path>
         <kind>object</kind>
         <file>startup_msp432p401r_ccs.obj</file>
         <name>startup_msp432p401r_ccs.obj</name>
      </input_file>
      <input_file id="fl-a">
         <path>.\</path>
         <kind>object</kind>
         <file>system_msp432p401r.obj</file>
         <name>system_msp432p401r.obj</name>
      </input_file>
      <input_file id="fl-e">
         <kind>object</kind>
         <file>&lt;internal&gt;</file>
         <name>&lt;internal&gt;</name>
      </input_file>
      <input_file id="fl-c4">
         <path>C:\ti\ccs1210\ccs\tools\compiler\ti-cgt-arm_20.2.7.LTS\lib\</path>
         <kind>archive</kind>
         <file>rtsv7M4_T_le_v4SPD16_eabi.lib</file>
         <name>copy_zero_init.c.obj</name>
      </input_file>
      <input_file id="fl-c5">
         <path>C:\ti\ccs1210\ccs\tools\compiler\ti-cgt-arm_20.2.7.LTS\lib\</path>
         <kind>archive</kind>
         <file>rtsv7M4_T_le_v4SPD16_eabi.lib</file>
         <name>copy_decompress_none.c.obj</name>
      </input_file>
      <input_file id="fl-c6">
         <path>C:\ti\ccs1210\ccs\tools\compiler\ti-cgt-arm_20.2.7.LTS\lib\</path>
         <kind>archive</kind>
         <file>rtsv7M4_T_le_v4SPD16_eabi.lib</file>
         <name>copy_decompress_lzss.c.obj</name>
      </input_file>
      <input_file id="fl-c7">
         <path>C:\ti\ccs1210\ccs\tools\compiler\ti-cgt-arm_20.2.7.LTS\lib\</path>
         <kind>archive</kind>
         <file>rtsv7M4_T_le_v4SPD16_eabi.lib</file>
         <name>boot_cortex_m.c.obj</name>
      </input_file>
      <input_file id="fl-c8">
         <path>C:\ti\ccs1210\ccs\tools\compiler\ti-cgt-arm_20.2.7.LTS\lib\</path>
         <kind>archive</kind>
         <file>rtsv7M4_T_le_v4SPD16_eabi.lib</file>
         <name>memcpy_t2.asm.obj</name>
      </input_file>
      <input_file id="fl-c9">
         <path>C:\ti\ccs1210\ccs\tools\compiler\ti-cgt-arm_20.2.7.LTS\lib\</path>
         <kind>archive</kind>
         <file>rtsv7M4_T_le_v4SPD16_eabi.lib</file>
         <name>memset_t2.asm.obj</name>
      </input_file>
      <input_file id="fl-ca">
         <path>C:\ti\ccs1210\ccs\tools\compiler\ti-cgt-arm_20.2.7.LTS\lib\</path>
         <kind>archive</kind>
         <file>rtsv7M4_T_le_v4SPD16_eabi.lib</file>
         <name>autoinit.c.obj</name>
      </input_file>
      <input_file id="fl-cb">
         <path>C:\ti\ccs1210\ccs\tools\compiler\ti-cgt-arm_20.2.7.LTS\lib\</path>
         <kind>archive</kind>
         <file>rtsv7M4_T_le_v4SPD16_eabi.lib</file>
         <name>pre_init.c.obj</name>
      </input_file>
      <input_file id="fl-cc">
         <path>C:\ti\ccs1210\ccs\tools\compiler\ti-cgt-arm_20.2.7.LTS\lib\</path>
         <kind>archive</kind>
         <file>rtsv7M4_T_le_v4SPD16_eabi.lib</file>
         <name>cpy_tbl.c.obj</name>
      </input_file>
      <input_file id="fl-cd">
         <path>C:\ti\ccs1210\ccs\tools\compiler\ti-cgt-arm_20.2.7.LTS\lib\</path>
         <kind>archive</kind>
         <file>rtsv7M4_T_le_v4SPD16_eabi.lib</file>
         <name>exit.c.obj</name>
      </input_file>
      <input_file id="fl-ce">
         <path>C:\ti\ccs1210\ccs\tools\compiler\ti-cgt-arm_20.2.7.LTS\lib\</path>
         <kind>archive</kind>
         <file>rtsv7M4_T_le_v4SPD16_eabi.lib</file>
         <name>_lock.c.obj</name>
      </input_file>
      <input_file id="fl-cf">
         <path>C:\ti\ccs1210\ccs\tools\compiler\ti-cgt-arm_20.2.7.LTS\lib\</path>
         <kind>archive</kind>
         <file>rtsv7M4_T_le_v4SPD16_eabi.lib</file>
         <name>args_main.c.obj</name>
      </input_file>
   </input_file_list>
   <object_component_list>
      <object_component id="oc-26">
         <name>.intvecs:retain</name>
         <load_address>0x0</load_address>
         <run_address>0x0</run_address>
         <size>0xe4</size>
         <input_file_ref idref="fl-9"/>
      </object_component>
      <object_component id="oc-79">
         <name>.text</name>
         <load_address>0xe4</load_address>
         <run_address>0xe4</run_address>
         <size>0x56c</size>
         <input_file_ref idref="fl-4"/>
      </object_component>
      <object_component id="oc-6d">
         <name>.text</name>
         <load_address>0x650</load_address>
         <run_address>0x650</run_address>
         <size>0x3c0</size>
         <input_file_ref idref="fl-5"/>
      </object_component>
      <object_component id="oc-b7">
         <name>.text</name>
         <load_address>0xa10</load_address>
         <run_address>0xa10</run_address>
         <size>0x334</size>
         <input_file_ref idref="fl-a"/>
      </object_component>
      <object_component id="oc-fb">
         <name>.text</name>
         <load_address>0xd44</load_address>
         <run_address>0xd44</run_address>
         <size>0x1e0</size>
         <input_file_ref idref="fl-2"/>
      </object_component>
      <object_component id="oc-73">
         <name>.text</name>
         <load_address>0xf24</load_address>
         <run_address>0xf24</run_address>
         <size>0x1cc</size>
         <input_file_ref idref="fl-7"/>
      </object_component>
      <object_component id="oc-a5">
         <name>.text</name>
         <load_address>0x10f0</load_address>
         <run_address>0x10f0</run_address>
         <size>0x194</size>
         <input_file_ref idref="fl-8"/>
      </object_component>
      <object_component id="oc-37">
         <name>.text</name>
         <load_address>0x1284</load_address>
         <run_address>0x1284</run_address>
         <size>0x9c</size>
         <input_file_ref idref="fl-c8"/>
      </object_component>
      <object_component id="oc-17">
         <name>.text:decompress:lzss:__TI_decompress_lzss</name>
         <load_address>0x1320</load_address>
         <run_address>0x1320</run_address>
         <size>0x68</size>
         <input_file_ref idref="fl-c6"/>
      </object_component>
      <object_component id="oc-11d">
         <name>.text:__TI_auto_init_nobinit_nopinit:__TI_auto_init_nobinit_nopinit</name>
         <load_address>0x1388</load_address>
         <run_address>0x1388</run_address>
         <size>0x44</size>
         <input_file_ref idref="fl-ca"/>
      </object_component>
      <object_component id="oc-101">
         <name>.text</name>
         <load_address>0x13cc</load_address>
         <run_address>0x13cc</run_address>
         <size>0x40</size>
         <input_file_ref idref="fl-6"/>
      </object_component>
      <object_component id="oc-55">
         <name>.text:_c_int00_noargs:_c_int00_noargs</name>
         <load_address>0x140c</load_address>
         <run_address>0x140c</run_address>
         <size>0x34</size>
         <input_file_ref idref="fl-c7"/>
      </object_component>
      <object_component id="oc-107">
         <name>.text</name>
         <load_address>0x1440</load_address>
         <run_address>0x1440</run_address>
         <size>0x24</size>
         <input_file_ref idref="fl-3"/>
      </object_component>
      <object_component id="oc-43">
         <name>.text:decompress:ZI:__TI_zero_init_nomemset:__TI_zero_init_nomemset</name>
         <load_address>0x1464</load_address>
         <run_address>0x1464</run_address>
         <size>0x1c</size>
         <input_file_ref idref="fl-c4"/>
      </object_component>
      <object_component id="oc-1d">
         <name>.text:decompress:none:__TI_decompress_none</name>
         <load_address>0x1480</load_address>
         <run_address>0x1480</run_address>
         <size>0xe</size>
         <input_file_ref idref="fl-c5"/>
      </object_component>
      <object_component id="oc-67">
         <name>.text</name>
         <load_address>0x148e</load_address>
         <run_address>0x148e</run_address>
         <size>0xe</size>
         <input_file_ref idref="fl-9"/>
      </object_component>
      <object_component id="oc-9f">
         <name>.text:_system_pre_init</name>
         <load_address>0x149c</load_address>
         <run_address>0x149c</run_address>
         <size>0x4</size>
         <input_file_ref idref="fl-cb"/>
      </object_component>
      <object_component id="oc-111">
         <name>.text:abort:abort</name>
         <load_address>0x14a0</load_address>
         <run_address>0x14a0</run_address>
         <size>0x4</size>
         <input_file_ref idref="fl-cd"/>
      </object_component>
      <object_component id="oc-202">
         <name>.cinit..data.load</name>
         <load_address>0x14a8</load_address>
         <run_address>0x14a8</run_address>
         <size>0xd</size>
      </object_component>
      <object_component id="oc-200">
         <name>__TI_handler_table</name>
         <load_address>0x14b8</load_address>
         <run_address>0x14b8</run_address>
         <size>0xc</size>
      </object_component>
      <object_component id="oc-203">
         <name>.cinit..bss.load</name>
         <load_address>0x14c8</load_address>
         <run_address>0x14c8</run_address>
         <size>0x8</size>
      </object_component>
      <object_component id="oc-201">
         <name>__TI_cinit_table</name>
         <load_address>0x14d0</load_address>
         <run_address>0x14d0</run_address>
         <size>0x10</size>
      </object_component>
      <object_component id="oc-1d4">
         <name>.binit</name>
         <load_address>0x0</load_address>
         <run_address>0x0</run_address>
         <size>0x0</size>
      </object_component>
      <object_component id="oc-16e">
         <name>.data</name>
         <load_address>0x20000020</load_address>
         <run_address>0x20000020</run_address>
         <size>0x18</size>
         <input_file_ref idref="fl-2"/>
      </object_component>
      <object_component id="oc-14f">
         <name>.data</name>
         <load_address>0x20000038</load_address>
         <run_address>0x20000038</run_address>
         <size>0x4</size>
         <input_file_ref idref="fl-a"/>
      </object_component>
      <object_component id="oc-dc">
         <name>.common:LDef_Encoder</name>
         <uninitialized>true</uninitialized>
         <run_address>0x20000000</run_address>
         <size>0x4</size>
      </object_component>
      <object_component id="oc-dd">
         <name>.common:LOff_Encoder</name>
         <uninitialized>true</uninitialized>
         <run_address>0x20000004</run_address>
         <size>0x4</size>
      </object_component>
      <object_component id="oc-d8">
         <name>.common:RDef_Encoder</name>
         <uninitialized>true</uninitialized>
         <run_address>0x20000008</run_address>
         <size>0x4</size>
      </object_component>
      <object_component id="oc-db">
         <name>.common:ROff_Encoder</name>
         <uninitialized>true</uninitialized>
         <run_address>0x2000000c</run_address>
         <size>0x4</size>
      </object_component>
      <object_component id="oc-be">
         <name>.common:RDef_PWM_Pin</name>
         <uninitialized>true</uninitialized>
         <run_address>0x2000001a</run_address>
         <size>0x1</size>
      </object_component>
      <object_component id="oc-c1">
         <name>.common:ROff_PWM_Pin</name>
         <uninitialized>true</uninitialized>
         <run_address>0x2000001b</run_address>
         <size>0x1</size>
      </object_component>
      <object_component id="oc-c2">
         <name>.common:LDef_PWM_Pin</name>
         <uninitialized>true</uninitialized>
         <run_address>0x20000018</run_address>
         <size>0x1</size>
      </object_component>
      <object_component id="oc-c3">
         <name>.common:LOff_PWM_Pin</name>
         <uninitialized>true</uninitialized>
         <run_address>0x20000019</run_address>
         <size>0x1</size>
      </object_component>
      <object_component id="oc-d4">
         <name>.common:scratch_offense_position</name>
         <uninitialized>true</uninitialized>
         <run_address>0x20000016</run_address>
         <size>0x2</size>
      </object_component>
      <object_component id="oc-cf">
         <name>.common:scratch_defense_position</name>
         <uninitialized>true</uninitialized>
         <run_address>0x20000014</run_address>
         <size>0x2</size>
      </object_component>
      <object_component id="oc-d5">
         <name>.common:desired_offense_position</name>
         <uninitialized>true</uninitialized>
         <run_address>0x20000012</run_address>
         <size>0x2</size>
      </object_component>
      <object_component id="oc-d2">
         <name>.common:desired_defense_position</name>
         <uninitialized>true</uninitialized>
         <run_address>0x20000010</run_address>
         <size>0x2</size>
      </object_component>
      <object_component id="oc-d6">
         <name>.common:offense_rotstate</name>
         <uninitialized>true</uninitialized>
         <run_address>0x2000001d</run_address>
         <size>0x1</size>
      </object_component>
      <object_component id="oc-d3">
         <name>.common:defense_rotstate</name>
         <uninitialized>true</uninitialized>
         <run_address>0x2000001c</run_address>
         <size>0x1</size>
      </object_component>
      <object_component id="oc-10d">
         <name>.common:switch_image</name>
         <uninitialized>true</uninitialized>
         <run_address>0x2000001e</run_address>
         <size>0x1</size>
      </object_component>
      <object_component id="oc-29">
         <name>.stack</name>
         <uninitialized>true</uninitialized>
         <run_address>0x2000fe00</run_address>
         <size>0x4</size>
         <input_file_ref idref="fl-c7"/>
      </object_component>
      <object_component id="oc-205">
         <name>.stack</name>
         <uninitialized>true</uninitialized>
         <run_address>0x2000fe00</run_address>
         <size>0x0</size>
      </object_component>
      <object_component id="oc-16d">
         <name>.debug_info</name>
         <load_address>0x0</load_address>
         <run_address>0x0</run_address>
         <size>0x541</size>
         <input_file_ref idref="fl-2"/>
      </object_component>
      <object_component id="oc-16f">
         <name>.debug_info</name>
         <load_address>0x541</load_address>
         <run_address>0x541</run_address>
         <size>0x19d</size>
         <input_file_ref idref="fl-2"/>
      </object_component>
      <object_component id="oc-ff">
         <name>.debug_info</name>
         <load_address>0x6de</load_address>
         <run_address>0x6de</run_address>
         <size>0x2c1</size>
         <input_file_ref idref="fl-2"/>
      </object_component>
      <object_component id="oc-19a">
         <name>.debug_info</name>
         <load_address>0x99f</load_address>
         <run_address>0x99f</run_address>
         <size>0x37e2</size>
         <input_file_ref idref="fl-2"/>
      </object_component>
      <object_component id="oc-e6">
         <name>.debug_info</name>
         <load_address>0x4181</load_address>
         <run_address>0x4181</run_address>
         <size>0x26b</size>
         <input_file_ref idref="fl-2"/>
      </object_component>
      <object_component id="oc-15a">
         <name>.debug_info</name>
         <load_address>0x43ec</load_address>
         <run_address>0x43ec</run_address>
         <size>0x1055</size>
         <input_file_ref idref="fl-2"/>
      </object_component>
      <object_component id="oc-32">
         <name>.debug_info</name>
         <load_address>0x5441</load_address>
         <run_address>0x5441</run_address>
         <size>0x84</size>
         <input_file_ref idref="fl-2"/>
      </object_component>
      <object_component id="oc-15f">
         <name>.debug_info</name>
         <load_address>0x54c5</load_address>
         <run_address>0x54c5</run_address>
         <size>0x2a4</size>
         <input_file_ref idref="fl-2"/>
      </object_component>
      <object_component id="oc-c5">
         <name>.debug_info</name>
         <load_address>0x5769</load_address>
         <run_address>0x5769</run_address>
         <size>0xbb</size>
         <input_file_ref idref="fl-2"/>
      </object_component>
      <object_component id="oc-108">
         <name>.debug_info</name>
         <load_address>0x5824</load_address>
         <run_address>0x5824</run_address>
         <size>0x282</size>
         <input_file_ref idref="fl-3"/>
      </object_component>
      <object_component id="oc-d9">
         <name>.debug_info</name>
         <load_address>0x5aa6</load_address>
         <run_address>0x5aa6</run_address>
         <size>0x5e7</size>
         <input_file_ref idref="fl-4"/>
      </object_component>
      <object_component id="oc-7a">
         <name>.debug_info</name>
         <load_address>0x608d</load_address>
         <run_address>0x608d</run_address>
         <size>0x2dc</size>
         <input_file_ref idref="fl-4"/>
      </object_component>
      <object_component id="oc-155">
         <name>.debug_info</name>
         <load_address>0x6369</load_address>
         <run_address>0x6369</run_address>
         <size>0x37e2</size>
         <input_file_ref idref="fl-4"/>
      </object_component>
      <object_component id="oc-df">
         <name>.debug_info</name>
         <load_address>0x9b4b</load_address>
         <run_address>0x9b4b</run_address>
         <size>0x87</size>
         <input_file_ref idref="fl-4"/>
      </object_component>
      <object_component id="oc-bf">
         <name>.debug_info</name>
         <load_address>0x9bd2</load_address>
         <run_address>0x9bd2</run_address>
         <size>0x5e3</size>
         <input_file_ref idref="fl-5"/>
      </object_component>
      <object_component id="oc-6e">
         <name>.debug_info</name>
         <load_address>0xa1b5</load_address>
         <run_address>0xa1b5</run_address>
         <size>0x542</size>
         <input_file_ref idref="fl-5"/>
      </object_component>
      <object_component id="oc-ca">
         <name>.debug_info</name>
         <load_address>0xa6f7</load_address>
         <run_address>0xa6f7</run_address>
         <size>0x3f</size>
         <input_file_ref idref="fl-5"/>
      </object_component>
      <object_component id="oc-103">
         <name>.debug_info</name>
         <load_address>0xa736</load_address>
         <run_address>0xa736</run_address>
         <size>0x19c</size>
         <input_file_ref idref="fl-6"/>
      </object_component>
      <object_component id="oc-d0">
         <name>.debug_info</name>
         <load_address>0xa8d2</load_address>
         <run_address>0xa8d2</run_address>
         <size>0x6ac</size>
         <input_file_ref idref="fl-7"/>
      </object_component>
      <object_component id="oc-74">
         <name>.debug_info</name>
         <load_address>0xaf7e</load_address>
         <run_address>0xaf7e</run_address>
         <size>0x208</size>
         <input_file_ref idref="fl-7"/>
      </object_component>
      <object_component id="oc-166">
         <name>.debug_info</name>
         <load_address>0xb186</load_address>
         <run_address>0xb186</run_address>
         <size>0x5a</size>
         <input_file_ref idref="fl-7"/>
      </object_component>
      <object_component id="oc-10e">
         <name>.debug_info</name>
         <load_address>0xb1e0</load_address>
         <run_address>0xb1e0</run_address>
         <size>0x7c3</size>
         <input_file_ref idref="fl-8"/>
      </object_component>
      <object_component id="oc-a7">
         <name>.debug_info</name>
         <load_address>0xb9a3</load_address>
         <run_address>0xb9a3</run_address>
         <size>0x2f5</size>
         <input_file_ref idref="fl-8"/>
      </object_component>
      <object_component id="oc-81">
         <name>.debug_info</name>
         <load_address>0xbc98</load_address>
         <run_address>0xbc98</run_address>
         <size>0x2e0</size>
         <input_file_ref idref="fl-9"/>
      </object_component>
      <object_component id="oc-27">
         <name>.debug_info</name>
         <load_address>0xbf78</load_address>
         <run_address>0xbf78</run_address>
         <size>0x10c</size>
         <input_file_ref idref="fl-9"/>
      </object_component>
      <object_component id="oc-68">
         <name>.debug_info</name>
         <load_address>0xc084</load_address>
         <run_address>0xc084</run_address>
         <size>0x1d3</size>
         <input_file_ref idref="fl-9"/>
      </object_component>
      <object_component id="oc-150">
         <name>.debug_info</name>
         <load_address>0xc257</load_address>
         <run_address>0xc257</run_address>
         <size>0x105</size>
         <input_file_ref idref="fl-a"/>
      </object_component>
      <object_component id="oc-bb">
         <name>.debug_info</name>
         <load_address>0xc35c</load_address>
         <run_address>0xc35c</run_address>
         <size>0x277</size>
         <input_file_ref idref="fl-a"/>
      </object_component>
      <object_component id="oc-98">
         <name>.debug_info</name>
         <load_address>0xc5d3</load_address>
         <run_address>0xc5d3</run_address>
         <size>0x2d4</size>
         <input_file_ref idref="fl-c4"/>
      </object_component>
      <object_component id="oc-46">
         <name>.debug_info</name>
         <load_address>0xc8a7</load_address>
         <run_address>0xc8a7</run_address>
         <size>0x1d2</size>
         <input_file_ref idref="fl-c4"/>
      </object_component>
      <object_component id="oc-93">
         <name>.debug_info</name>
         <load_address>0xca79</load_address>
         <run_address>0xca79</run_address>
         <size>0x46</size>
         <input_file_ref idref="fl-c4"/>
      </object_component>
      <object_component id="oc-f2">
         <name>.debug_info</name>
         <load_address>0xcabf</load_address>
         <run_address>0xcabf</run_address>
         <size>0x2c</size>
         <input_file_ref idref="fl-c4"/>
      </object_component>
      <object_component id="oc-42">
         <name>.debug_info</name>
         <load_address>0xcaeb</load_address>
         <run_address>0xcaeb</run_address>
         <size>0x2a8</size>
         <input_file_ref idref="fl-c5"/>
      </object_component>
      <object_component id="oc-1e">
         <name>.debug_info</name>
         <load_address>0xcd93</load_address>
         <run_address>0xcd93</run_address>
         <size>0x1ea</size>
         <input_file_ref idref="fl-c5"/>
      </object_component>
      <object_component id="oc-3d">
         <name>.debug_info</name>
         <load_address>0xcf7d</load_address>
         <run_address>0xcf7d</run_address>
         <size>0x46</size>
         <input_file_ref idref="fl-c5"/>
      </object_component>
      <object_component id="oc-8b">
         <name>.debug_info</name>
         <load_address>0xcfc3</load_address>
         <run_address>0xcfc3</run_address>
         <size>0x2c</size>
         <input_file_ref idref="fl-c5"/>
      </object_component>
      <object_component id="oc-89">
         <name>.debug_info</name>
         <load_address>0xcfef</load_address>
         <run_address>0xcfef</run_address>
         <size>0x29e</size>
         <input_file_ref idref="fl-c6"/>
      </object_component>
      <object_component id="oc-1b">
         <name>.debug_info</name>
         <load_address>0xd28d</load_address>
         <run_address>0xd28d</run_address>
         <size>0x250</size>
         <input_file_ref idref="fl-c6"/>
      </object_component>
      <object_component id="oc-2d">
         <name>.debug_info</name>
         <load_address>0xd4dd</load_address>
         <run_address>0xd4dd</run_address>
         <size>0x60</size>
         <input_file_ref idref="fl-c6"/>
      </object_component>
      <object_component id="oc-eb">
         <name>.debug_info</name>
         <load_address>0xd53d</load_address>
         <run_address>0xd53d</run_address>
         <size>0x46</size>
         <input_file_ref idref="fl-c6"/>
      </object_component>
      <object_component id="oc-84">
         <name>.debug_info</name>
         <load_address>0xd583</load_address>
         <run_address>0xd583</run_address>
         <size>0x39</size>
         <input_file_ref idref="fl-c6"/>
      </object_component>
      <object_component id="oc-2a">
         <name>.debug_info</name>
         <load_address>0xd5bc</load_address>
         <run_address>0xd5bc</run_address>
         <size>0x10b</size>
         <input_file_ref idref="fl-c7"/>
      </object_component>
      <object_component id="oc-58">
         <name>.debug_info</name>
         <load_address>0xd6c7</load_address>
         <run_address>0xd6c7</run_address>
         <size>0x1a9</size>
         <input_file_ref idref="fl-c7"/>
      </object_component>
      <object_component id="oc-38">
         <name>.debug_info</name>
         <load_address>0xd870</load_address>
         <run_address>0xd870</run_address>
         <size>0x119</size>
         <input_file_ref idref="fl-c8"/>
      </object_component>
      <object_component id="oc-181">
         <name>.debug_info</name>
         <load_address>0xd989</load_address>
         <run_address>0xd989</run_address>
         <size>0x4b3</size>
         <input_file_ref idref="fl-ca"/>
      </object_component>
      <object_component id="oc-121">
         <name>.debug_info</name>
         <load_address>0xde3c</load_address>
         <run_address>0xde3c</run_address>
         <size>0x1a6</size>
         <input_file_ref idref="fl-ca"/>
      </object_component>
      <object_component id="oc-1b1">
         <name>.debug_info</name>
         <load_address>0xdfe2</load_address>
         <run_address>0xdfe2</run_address>
         <size>0x39</size>
         <input_file_ref idref="fl-ca"/>
      </object_component>
      <object_component id="oc-1c5">
         <name>.debug_info</name>
         <load_address>0xe01b</load_address>
         <run_address>0xe01b</run_address>
         <size>0x39</size>
         <input_file_ref idref="fl-ca"/>
      </object_component>
      <object_component id="oc-1b6">
         <name>.debug_info</name>
         <load_address>0xe054</load_address>
         <run_address>0xe054</run_address>
         <size>0x39</size>
         <input_file_ref idref="fl-ca"/>
      </object_component>
      <object_component id="oc-1bb">
         <name>.debug_info</name>
         <load_address>0xe08d</load_address>
         <run_address>0xe08d</run_address>
         <size>0xcd</size>
         <input_file_ref idref="fl-ca"/>
      </object_component>
      <object_component id="oc-a0">
         <name>.debug_info</name>
         <load_address>0xe15a</load_address>
         <run_address>0xe15a</run_address>
         <size>0x153</size>
         <input_file_ref idref="fl-cb"/>
      </object_component>
      <object_component id="oc-115">
         <name>.debug_info</name>
         <load_address>0xe2ad</load_address>
         <run_address>0xe2ad</run_address>
         <size>0x122</size>
         <input_file_ref idref="fl-cd"/>
      </object_component>
      <object_component id="oc-206">
         <name>.debug_info</name>
         <load_address>0xe3cf</load_address>
         <run_address>0xe3cf</run_address>
         <size>0xb8</size>
      </object_component>
      <object_component id="oc-199">
         <name>.debug_line</name>
         <load_address>0x0</load_address>
         <run_address>0x0</run_address>
         <size>0x20</size>
         <input_file_ref idref="fl-2"/>
      </object_component>
      <object_component id="oc-1a0">
         <name>.debug_line</name>
         <load_address>0x20</load_address>
         <run_address>0x20</run_address>
         <size>0x2e</size>
         <input_file_ref idref="fl-2"/>
      </object_component>
      <object_component id="oc-fd">
         <name>.debug_line</name>
         <load_address>0x4e</load_address>
         <run_address>0x4e</run_address>
         <size>0xfb</size>
         <input_file_ref idref="fl-2"/>
      </object_component>
      <object_component id="oc-19d">
         <name>.debug_line</name>
         <load_address>0x149</load_address>
         <run_address>0x149</run_address>
         <size>0x58</size>
         <input_file_ref idref="fl-2"/>
      </object_component>
      <object_component id="oc-e9">
         <name>.debug_line</name>
         <load_address>0x1a1</load_address>
         <run_address>0x1a1</run_address>
         <size>0x6f</size>
         <input_file_ref idref="fl-2"/>
      </object_component>
      <object_component id="oc-15d">
         <name>.debug_line</name>
         <load_address>0x210</load_address>
         <run_address>0x210</run_address>
         <size>0x5b</size>
         <input_file_ref idref="fl-2"/>
      </object_component>
      <object_component id="oc-35">
         <name>.debug_line</name>
         <load_address>0x26b</load_address>
         <run_address>0x26b</run_address>
         <size>0x20</size>
         <input_file_ref idref="fl-2"/>
      </object_component>
      <object_component id="oc-162">
         <name>.debug_line</name>
         <load_address>0x28b</load_address>
         <run_address>0x28b</run_address>
         <size>0x73</size>
         <input_file_ref idref="fl-2"/>
      </object_component>
      <object_component id="oc-c8">
         <name>.debug_line</name>
         <load_address>0x2fe</load_address>
         <run_address>0x2fe</run_address>
         <size>0x70</size>
         <input_file_ref idref="fl-2"/>
      </object_component>
      <object_component id="oc-10c">
         <name>.debug_line</name>
         <load_address>0x36e</load_address>
         <run_address>0x36e</run_address>
         <size>0xb2</size>
         <input_file_ref idref="fl-3"/>
      </object_component>
      <object_component id="oc-16c">
         <name>.debug_line</name>
         <load_address>0x420</load_address>
         <run_address>0x420</run_address>
         <size>0x30</size>
         <input_file_ref idref="fl-4"/>
      </object_component>
      <object_component id="oc-7d">
         <name>.debug_line</name>
         <load_address>0x450</load_address>
         <run_address>0x450</run_address>
         <size>0x28d</size>
         <input_file_ref idref="fl-4"/>
      </object_component>
      <object_component id="oc-158">
         <name>.debug_line</name>
         <load_address>0x6dd</load_address>
         <run_address>0x6dd</run_address>
         <size>0x58</size>
         <input_file_ref idref="fl-4"/>
      </object_component>
      <object_component id="oc-e2">
         <name>.debug_line</name>
         <load_address>0x735</load_address>
         <run_address>0x735</run_address>
         <size>0x30</size>
         <input_file_ref idref="fl-4"/>
      </object_component>
      <object_component id="oc-154">
         <name>.debug_line</name>
         <load_address>0x765</load_address>
         <run_address>0x765</run_address>
         <size>0x2c</size>
         <input_file_ref idref="fl-5"/>
      </object_component>
      <object_component id="oc-72">
         <name>.debug_line</name>
         <load_address>0x791</load_address>
         <run_address>0x791</run_address>
         <size>0x1e3</size>
         <input_file_ref idref="fl-5"/>
      </object_component>
      <object_component id="oc-cd">
         <name>.debug_line</name>
         <load_address>0x974</load_address>
         <run_address>0x974</run_address>
         <size>0x2c</size>
         <input_file_ref idref="fl-5"/>
      </object_component>
      <object_component id="oc-102">
         <name>.debug_line</name>
         <load_address>0x9a0</load_address>
         <run_address>0x9a0</run_address>
         <size>0x64</size>
         <input_file_ref idref="fl-6"/>
      </object_component>
      <object_component id="oc-165">
         <name>.debug_line</name>
         <load_address>0xa04</load_address>
         <run_address>0xa04</run_address>
         <size>0x2d</size>
         <input_file_ref idref="fl-7"/>
      </object_component>
      <object_component id="oc-78">
         <name>.debug_line</name>
         <load_address>0xa31</load_address>
         <run_address>0xa31</run_address>
         <size>0xba</size>
         <input_file_ref idref="fl-7"/>
      </object_component>
      <object_component id="oc-169">
         <name>.debug_line</name>
         <load_address>0xaeb</load_address>
         <run_address>0xaeb</run_address>
         <size>0x2d</size>
         <input_file_ref idref="fl-7"/>
      </object_component>
      <object_component id="oc-175">
         <name>.debug_line</name>
         <load_address>0xb18</load_address>
         <run_address>0xb18</run_address>
         <size>0x89</size>
         <input_file_ref idref="fl-8"/>
      </object_component>
      <object_component id="oc-aa">
         <name>.debug_line</name>
         <load_address>0xba1</load_address>
         <run_address>0xba1</run_address>
         <size>0xb5</size>
         <input_file_ref idref="fl-8"/>
      </object_component>
      <object_component id="oc-e5">
         <name>.debug_line</name>
         <load_address>0xc56</load_address>
         <run_address>0xc56</run_address>
         <size>0x40</size>
         <input_file_ref idref="fl-9"/>
      </object_component>
      <object_component id="oc-80">
         <name>.debug_line</name>
         <load_address>0xc96</load_address>
         <run_address>0xc96</run_address>
         <size>0x40</size>
         <input_file_ref idref="fl-9"/>
      </object_component>
      <object_component id="oc-6c">
         <name>.debug_line</name>
         <load_address>0xcd6</load_address>
         <run_address>0xcd6</run_address>
         <size>0x71</size>
         <input_file_ref idref="fl-9"/>
      </object_component>
      <object_component id="oc-197">
         <name>.debug_line</name>
         <load_address>0xd47</load_address>
         <run_address>0xd47</run_address>
         <size>0x3b</size>
         <input_file_ref idref="fl-a"/>
      </object_component>
      <object_component id="oc-b8">
         <name>.debug_line</name>
         <load_address>0xd82</load_address>
         <run_address>0xd82</run_address>
         <size>0x134</size>
         <input_file_ref idref="fl-a"/>
      </object_component>
      <object_component id="oc-f8">
         <name>.debug_line</name>
         <load_address>0xeb6</load_address>
         <run_address>0xeb6</run_address>
         <size>0x92</size>
         <input_file_ref idref="fl-c4"/>
      </object_component>
      <object_component id="oc-44">
         <name>.debug_line</name>
         <load_address>0xf48</load_address>
         <run_address>0xf48</run_address>
         <size>0x4c</size>
         <input_file_ref idref="fl-c4"/>
      </object_component>
      <object_component id="oc-96">
         <name>.debug_line</name>
         <load_address>0xf94</load_address>
         <run_address>0xf94</run_address>
         <size>0x34</size>
         <input_file_ref idref="fl-c4"/>
      </object_component>
      <object_component id="oc-f5">
         <name>.debug_line</name>
         <load_address>0xfc8</load_address>
         <run_address>0xfc8</run_address>
         <size>0x92</size>
         <input_file_ref idref="fl-c4"/>
      </object_component>
      <object_component id="oc-91">
         <name>.debug_line</name>
         <load_address>0x105a</load_address>
         <run_address>0x105a</run_address>
         <size>0x20</size>
         <input_file_ref idref="fl-c5"/>
      </object_component>
      <object_component id="oc-21">
         <name>.debug_line</name>
         <load_address>0x107a</load_address>
         <run_address>0x107a</run_address>
         <size>0x55</size>
         <input_file_ref idref="fl-c5"/>
      </object_component>
      <object_component id="oc-40">
         <name>.debug_line</name>
         <load_address>0x10cf</load_address>
         <run_address>0x10cf</run_address>
         <size>0x3a</size>
         <input_file_ref idref="fl-c5"/>
      </object_component>
      <object_component id="oc-8e">
         <name>.debug_line</name>
         <load_address>0x1109</load_address>
         <run_address>0x1109</run_address>
         <size>0x92</size>
         <input_file_ref idref="fl-c5"/>
      </object_component>
      <object_component id="oc-f1">
         <name>.debug_line</name>
         <load_address>0x119b</load_address>
         <run_address>0x119b</run_address>
         <size>0x20</size>
         <input_file_ref idref="fl-c6"/>
      </object_component>
      <object_component id="oc-1a">
         <name>.debug_line</name>
         <load_address>0x11bb</load_address>
         <run_address>0x11bb</run_address>
         <size>0xa9</size>
         <input_file_ref idref="fl-c6"/>
      </object_component>
      <object_component id="oc-30">
         <name>.debug_line</name>
         <load_address>0x1264</load_address>
         <run_address>0x1264</run_address>
         <size>0x3a</size>
         <input_file_ref idref="fl-c6"/>
      </object_component>
      <object_component id="oc-ee">
         <name>.debug_line</name>
         <load_address>0x129e</load_address>
         <run_address>0x129e</run_address>
         <size>0x9a</size>
         <input_file_ref idref="fl-c6"/>
      </object_component>
      <object_component id="oc-87">
         <name>.debug_line</name>
         <load_address>0x1338</load_address>
         <run_address>0x1338</run_address>
         <size>0x96</size>
         <input_file_ref idref="fl-c6"/>
      </object_component>
      <object_component id="oc-83">
         <name>.debug_line</name>
         <load_address>0x13ce</load_address>
         <run_address>0x13ce</run_address>
         <size>0x33</size>
         <input_file_ref idref="fl-c7"/>
      </object_component>
      <object_component id="oc-57">
         <name>.debug_line</name>
         <load_address>0x1401</load_address>
         <run_address>0x1401</run_address>
         <size>0x45</size>
         <input_file_ref idref="fl-c7"/>
      </object_component>
      <object_component id="oc-3b">
         <name>.debug_line</name>
         <load_address>0x1446</load_address>
         <run_address>0x1446</run_address>
         <size>0x88</size>
         <input_file_ref idref="fl-c8"/>
      </object_component>
      <object_component id="oc-1b0">
         <name>.debug_line</name>
         <load_address>0x14ce</load_address>
         <run_address>0x14ce</run_address>
         <size>0xbf</size>
         <input_file_ref idref="fl-ca"/>
      </object_component>
      <object_component id="oc-11e">
         <name>.debug_line</name>
         <load_address>0x158d</load_address>
         <run_address>0x158d</run_address>
         <size>0x6f</size>
         <input_file_ref idref="fl-ca"/>
      </object_component>
      <object_component id="oc-1b4">
         <name>.debug_line</name>
         <load_address>0x15fc</load_address>
         <run_address>0x15fc</run_address>
         <size>0x2e</size>
         <input_file_ref idref="fl-ca"/>
      </object_component>
      <object_component id="oc-1c8">
         <name>.debug_line</name>
         <load_address>0x162a</load_address>
         <run_address>0x162a</run_address>
         <size>0x9a</size>
         <input_file_ref idref="fl-ca"/>
      </object_component>
      <object_component id="oc-1b9">
         <name>.debug_line</name>
         <load_address>0x16c4</load_address>
         <run_address>0x16c4</run_address>
         <size>0x97</size>
         <input_file_ref idref="fl-ca"/>
      </object_component>
      <object_component id="oc-1be">
         <name>.debug_line</name>
         <load_address>0x175b</load_address>
         <run_address>0x175b</run_address>
         <size>0x93</size>
         <input_file_ref idref="fl-ca"/>
      </object_component>
      <object_component id="oc-a3">
         <name>.debug_line</name>
         <load_address>0x17ee</load_address>
         <run_address>0x17ee</run_address>
         <size>0x40</size>
         <input_file_ref idref="fl-cb"/>
      </object_component>
      <object_component id="oc-113">
         <name>.debug_line</name>
         <load_address>0x182e</load_address>
         <run_address>0x182e</run_address>
         <size>0x3c</size>
         <input_file_ref idref="fl-cd"/>
      </object_component>
      <object_component id="oc-fc">
         <name>.debug_frame</name>
         <load_address>0x0</load_address>
         <run_address>0x0</run_address>
         <size>0xb0</size>
         <input_file_ref idref="fl-2"/>
      </object_component>
      <object_component id="oc-10b">
         <name>.debug_frame</name>
         <load_address>0xb0</load_address>
         <run_address>0xb0</run_address>
         <size>0xa4</size>
         <input_file_ref idref="fl-3"/>
      </object_component>
      <object_component id="oc-7e">
         <name>.debug_frame</name>
         <load_address>0x154</load_address>
         <run_address>0x154</run_address>
         <size>0xb4</size>
         <input_file_ref idref="fl-4"/>
      </object_component>
      <object_component id="oc-71">
         <name>.debug_frame</name>
         <load_address>0x208</load_address>
         <run_address>0x208</run_address>
         <size>0x144</size>
         <input_file_ref idref="fl-5"/>
      </object_component>
      <object_component id="oc-106">
         <name>.debug_frame</name>
         <load_address>0x34c</load_address>
         <run_address>0x34c</run_address>
         <size>0x68</size>
         <input_file_ref idref="fl-6"/>
      </object_component>
      <object_component id="oc-77">
         <name>.debug_frame</name>
         <load_address>0x3b4</load_address>
         <run_address>0x3b4</run_address>
         <size>0x84</size>
         <input_file_ref idref="fl-7"/>
      </object_component>
      <object_component id="oc-a9">
         <name>.debug_frame</name>
         <load_address>0x438</load_address>
         <run_address>0x438</run_address>
         <size>0x74</size>
         <input_file_ref idref="fl-8"/>
      </object_component>
      <object_component id="oc-6b">
         <name>.debug_frame</name>
         <load_address>0x4ac</load_address>
         <run_address>0x4ac</run_address>
         <size>0x6c</size>
         <input_file_ref idref="fl-9"/>
      </object_component>
      <object_component id="oc-b9">
         <name>.debug_frame</name>
         <load_address>0x518</load_address>
         <run_address>0x518</run_address>
         <size>0x70</size>
         <input_file_ref idref="fl-a"/>
      </object_component>
      <object_component id="oc-48">
         <name>.debug_frame</name>
         <load_address>0x588</load_address>
         <run_address>0x588</run_address>
         <size>0x54</size>
         <input_file_ref idref="fl-c4"/>
      </object_component>
      <object_component id="oc-22">
         <name>.debug_frame</name>
         <load_address>0x5dc</load_address>
         <run_address>0x5dc</run_address>
         <size>0x54</size>
         <input_file_ref idref="fl-c5"/>
      </object_component>
      <object_component id="oc-18">
         <name>.debug_frame</name>
         <load_address>0x630</load_address>
         <run_address>0x630</run_address>
         <size>0x60</size>
         <input_file_ref idref="fl-c6"/>
      </object_component>
      <object_component id="oc-5a">
         <name>.debug_frame</name>
         <load_address>0x690</load_address>
         <run_address>0x690</run_address>
         <size>0x50</size>
         <input_file_ref idref="fl-c7"/>
      </object_component>
      <object_component id="oc-11f">
         <name>.debug_frame</name>
         <load_address>0x6e0</load_address>
         <run_address>0x6e0</run_address>
         <size>0x5c</size>
         <input_file_ref idref="fl-ca"/>
      </object_component>
      <object_component id="oc-a4">
         <name>.debug_frame</name>
         <load_address>0x73c</load_address>
         <run_address>0x73c</run_address>
         <size>0x54</size>
         <input_file_ref idref="fl-cb"/>
      </object_component>
      <object_component id="oc-112">
         <name>.debug_frame</name>
         <load_address>0x790</load_address>
         <run_address>0x790</run_address>
         <size>0x54</size>
         <input_file_ref idref="fl-cd"/>
      </object_component>
      <object_component id="oc-198">
         <name>.debug_abbrev</name>
         <load_address>0x0</load_address>
         <run_address>0x0</run_address>
         <size>0x71</size>
         <input_file_ref idref="fl-2"/>
      </object_component>
      <object_component id="oc-19f">
         <name>.debug_abbrev</name>
         <load_address>0x71</load_address>
         <run_address>0x71</run_address>
         <size>0x29</size>
         <input_file_ref idref="fl-2"/>
      </object_component>
      <object_component id="oc-171">
         <name>.debug_abbrev</name>
         <load_address>0x9a</load_address>
         <run_address>0x9a</run_address>
         <size>0xa9</size>
         <input_file_ref idref="fl-2"/>
      </object_component>
      <object_component id="oc-19c">
         <name>.debug_abbrev</name>
         <load_address>0x143</load_address>
         <run_address>0x143</run_address>
         <size>0xbd</size>
         <input_file_ref idref="fl-2"/>
      </object_component>
      <object_component id="oc-e8">
         <name>.debug_abbrev</name>
         <load_address>0x200</load_address>
         <run_address>0x200</run_address>
         <size>0x69</size>
         <input_file_ref idref="fl-2"/>
      </object_component>
      <object_component id="oc-15c">
         <name>.debug_abbrev</name>
         <load_address>0x269</load_address>
         <run_address>0x269</run_address>
         <size>0x97</size>
         <input_file_ref idref="fl-2"/>
      </object_component>
      <object_component id="oc-34">
         <name>.debug_abbrev</name>
         <load_address>0x300</load_address>
         <run_address>0x300</run_address>
         <size>0x1f</size>
         <input_file_ref idref="fl-2"/>
      </object_component>
      <object_component id="oc-161">
         <name>.debug_abbrev</name>
         <load_address>0x31f</load_address>
         <run_address>0x31f</run_address>
         <size>0x5c</size>
         <input_file_ref idref="fl-2"/>
      </object_component>
      <object_component id="oc-c7">
         <name>.debug_abbrev</name>
         <load_address>0x37b</load_address>
         <run_address>0x37b</run_address>
         <size>0x24</size>
         <input_file_ref idref="fl-2"/>
      </object_component>
      <object_component id="oc-173">
         <name>.debug_abbrev</name>
         <load_address>0x39f</load_address>
         <run_address>0x39f</run_address>
         <size>0x50</size>
         <input_file_ref idref="fl-3"/>
      </object_component>
      <object_component id="oc-16b">
         <name>.debug_abbrev</name>
         <load_address>0x3ef</load_address>
         <run_address>0x3ef</run_address>
         <size>0x87</size>
         <input_file_ref idref="fl-4"/>
      </object_component>
      <object_component id="oc-de">
         <name>.debug_abbrev</name>
         <load_address>0x476</load_address>
         <run_address>0x476</run_address>
         <size>0xb8</size>
         <input_file_ref idref="fl-4"/>
      </object_component>
      <object_component id="oc-157">
         <name>.debug_abbrev</name>
         <load_address>0x52e</load_address>
         <run_address>0x52e</run_address>
         <size>0xbd</size>
         <input_file_ref idref="fl-4"/>
      </object_component>
      <object_component id="oc-e1">
         <name>.debug_abbrev</name>
         <load_address>0x5eb</load_address>
         <run_address>0x5eb</run_address>
         <size>0x70</size>
         <input_file_ref idref="fl-4"/>
      </object_component>
      <object_component id="oc-153">
         <name>.debug_abbrev</name>
         <load_address>0x65b</load_address>
         <run_address>0x65b</run_address>
         <size>0x87</size>
         <input_file_ref idref="fl-5"/>
      </object_component>
      <object_component id="oc-c4">
         <name>.debug_abbrev</name>
         <load_address>0x6e2</load_address>
         <run_address>0x6e2</run_address>
         <size>0x7a</size>
         <input_file_ref idref="fl-5"/>
      </object_component>
      <object_component id="oc-cc">
         <name>.debug_abbrev</name>
         <load_address>0x75c</load_address>
         <run_address>0x75c</run_address>
         <size>0x33</size>
         <input_file_ref idref="fl-5"/>
      </object_component>
      <object_component id="oc-172">
         <name>.debug_abbrev</name>
         <load_address>0x78f</load_address>
         <run_address>0x78f</run_address>
         <size>0x7f</size>
         <input_file_ref idref="fl-6"/>
      </object_component>
      <object_component id="oc-164">
         <name>.debug_abbrev</name>
         <load_address>0x80e</load_address>
         <run_address>0x80e</run_address>
         <size>0x87</size>
         <input_file_ref idref="fl-7"/>
      </object_component>
      <object_component id="oc-d7">
         <name>.debug_abbrev</name>
         <load_address>0x895</load_address>
         <run_address>0x895</run_address>
         <size>0x77</size>
         <input_file_ref idref="fl-7"/>
      </object_component>
      <object_component id="oc-168">
         <name>.debug_abbrev</name>
         <load_address>0x90c</load_address>
         <run_address>0x90c</run_address>
         <size>0x33</size>
         <input_file_ref idref="fl-7"/>
      </object_component>
      <object_component id="oc-174">
         <name>.debug_abbrev</name>
         <load_address>0x93f</load_address>
         <run_address>0x93f</run_address>
         <size>0xe4</size>
         <input_file_ref idref="fl-8"/>
      </object_component>
      <object_component id="oc-110">
         <name>.debug_abbrev</name>
         <load_address>0xa23</load_address>
         <run_address>0xa23</run_address>
         <size>0x7c</size>
         <input_file_ref idref="fl-8"/>
      </object_component>
      <object_component id="oc-e4">
         <name>.debug_abbrev</name>
         <load_address>0xa9f</load_address>
         <run_address>0xa9f</run_address>
         <size>0x7c</size>
         <input_file_ref idref="fl-9"/>
      </object_component>
      <object_component id="oc-7f">
         <name>.debug_abbrev</name>
         <load_address>0xb1b</load_address>
         <run_address>0xb1b</run_address>
         <size>0x29</size>
         <input_file_ref idref="fl-9"/>
      </object_component>
      <object_component id="oc-bd">
         <name>.debug_abbrev</name>
         <load_address>0xb44</load_address>
         <run_address>0xb44</run_address>
         <size>0x89</size>
         <input_file_ref idref="fl-9"/>
      </object_component>
      <object_component id="oc-196">
         <name>.debug_abbrev</name>
         <load_address>0xbcd</load_address>
         <run_address>0xbcd</run_address>
         <size>0x29</size>
         <input_file_ref idref="fl-a"/>
      </object_component>
      <object_component id="oc-152">
         <name>.debug_abbrev</name>
         <load_address>0xbf6</load_address>
         <run_address>0xbf6</run_address>
         <size>0x8b</size>
         <input_file_ref idref="fl-a"/>
      </object_component>
      <object_component id="oc-f7">
         <name>.debug_abbrev</name>
         <load_address>0xc81</load_address>
         <run_address>0xc81</run_address>
         <size>0x5d</size>
         <input_file_ref idref="fl-c4"/>
      </object_component>
      <object_component id="oc-92">
         <name>.debug_abbrev</name>
         <load_address>0xcde</load_address>
         <run_address>0xcde</run_address>
         <size>0x6f</size>
         <input_file_ref idref="fl-c4"/>
      </object_component>
      <object_component id="oc-95">
         <name>.debug_abbrev</name>
         <load_address>0xd4d</load_address>
         <run_address>0xd4d</run_address>
         <size>0x24</size>
         <input_file_ref idref="fl-c4"/>
      </object_component>
      <object_component id="oc-f4">
         <name>.debug_abbrev</name>
         <load_address>0xd71</load_address>
         <run_address>0xd71</run_address>
         <size>0x24</size>
         <input_file_ref idref="fl-c4"/>
      </object_component>
      <object_component id="oc-90">
         <name>.debug_abbrev</name>
         <load_address>0xd95</load_address>
         <run_address>0xd95</run_address>
         <size>0x37</size>
         <input_file_ref idref="fl-c5"/>
      </object_component>
      <object_component id="oc-3c">
         <name>.debug_abbrev</name>
         <load_address>0xdcc</load_address>
         <run_address>0xdcc</run_address>
         <size>0x74</size>
         <input_file_ref idref="fl-c5"/>
      </object_component>
      <object_component id="oc-3f">
         <name>.debug_abbrev</name>
         <load_address>0xe40</load_address>
         <run_address>0xe40</run_address>
         <size>0x24</size>
         <input_file_ref idref="fl-c5"/>
      </object_component>
      <object_component id="oc-8d">
         <name>.debug_abbrev</name>
         <load_address>0xe64</load_address>
         <run_address>0xe64</run_address>
         <size>0x24</size>
         <input_file_ref idref="fl-c5"/>
      </object_component>
      <object_component id="oc-f0">
         <name>.debug_abbrev</name>
         <load_address>0xe88</load_address>
         <run_address>0xe88</run_address>
         <size>0x37</size>
         <input_file_ref idref="fl-c6"/>
      </object_component>
      <object_component id="oc-2c">
         <name>.debug_abbrev</name>
         <load_address>0xebf</load_address>
         <run_address>0xebf</run_address>
         <size>0x6f</size>
         <input_file_ref idref="fl-c6"/>
      </object_component>
      <object_component id="oc-2f">
         <name>.debug_abbrev</name>
         <load_address>0xf2e</load_address>
         <run_address>0xf2e</run_address>
         <size>0x24</size>
         <input_file_ref idref="fl-c6"/>
      </object_component>
      <object_component id="oc-ed">
         <name>.debug_abbrev</name>
         <load_address>0xf52</load_address>
         <run_address>0xf52</run_address>
         <size>0x35</size>
         <input_file_ref idref="fl-c6"/>
      </object_component>
      <object_component id="oc-86">
         <name>.debug_abbrev</name>
         <load_address>0xf87</load_address>
         <run_address>0xf87</run_address>
         <size>0x24</size>
         <input_file_ref idref="fl-c6"/>
      </object_component>
      <object_component id="oc-82">
         <name>.debug_abbrev</name>
         <load_address>0xfab</load_address>
         <run_address>0xfab</run_address>
         <size>0x29</size>
         <input_file_ref idref="fl-c7"/>
      </object_component>
      <object_component id="oc-ae">
         <name>.debug_abbrev</name>
         <load_address>0xfd4</load_address>
         <run_address>0xfd4</run_address>
         <size>0x55</size>
         <input_file_ref idref="fl-c7"/>
      </object_component>
      <object_component id="oc-8a">
         <name>.debug_abbrev</name>
         <load_address>0x1029</load_address>
         <run_address>0x1029</run_address>
         <size>0x3e</size>
         <input_file_ref idref="fl-c8"/>
      </object_component>
      <object_component id="oc-1af">
         <name>.debug_abbrev</name>
         <load_address>0x1067</load_address>
         <run_address>0x1067</run_address>
         <size>0xc0</size>
         <input_file_ref idref="fl-ca"/>
      </object_component>
      <object_component id="oc-180">
         <name>.debug_abbrev</name>
         <load_address>0x1127</load_address>
         <run_address>0x1127</run_address>
         <size>0x7e</size>
         <input_file_ref idref="fl-ca"/>
      </object_component>
      <object_component id="oc-1b3">
         <name>.debug_abbrev</name>
         <load_address>0x11a5</load_address>
         <run_address>0x11a5</run_address>
         <size>0x24</size>
         <input_file_ref idref="fl-ca"/>
      </object_component>
      <object_component id="oc-1c7">
         <name>.debug_abbrev</name>
         <load_address>0x11c9</load_address>
         <run_address>0x11c9</run_address>
         <size>0x24</size>
         <input_file_ref idref="fl-ca"/>
      </object_component>
      <object_component id="oc-1b8">
         <name>.debug_abbrev</name>
         <load_address>0x11ed</load_address>
         <run_address>0x11ed</run_address>
         <size>0x24</size>
         <input_file_ref idref="fl-ca"/>
      </object_component>
      <object_component id="oc-1bd">
         <name>.debug_abbrev</name>
         <load_address>0x1211</load_address>
         <run_address>0x1211</run_address>
         <size>0x4b</size>
         <input_file_ref idref="fl-ca"/>
      </object_component>
      <object_component id="oc-fa">
         <name>.debug_abbrev</name>
         <load_address>0x125c</load_address>
         <run_address>0x125c</run_address>
         <size>0x55</size>
         <input_file_ref idref="fl-cb"/>
      </object_component>
      <object_component id="oc-176">
         <name>.debug_abbrev</name>
         <load_address>0x12b1</load_address>
         <run_address>0x12b1</run_address>
         <size>0x45</size>
         <input_file_ref idref="fl-cd"/>
      </object_component>
      <object_component id="oc-207">
         <name>.debug_abbrev</name>
         <load_address>0x12f6</load_address>
         <run_address>0x12f6</run_address>
         <size>0xf</size>
      </object_component>
      <object_component id="oc-19e">
         <name>.debug_str</name>
         <load_address>0x0</load_address>
         <run_address>0x0</run_address>
         <size>0x15e2</size>
         <input_file_ref idref="fl-2"/>
      </object_component>
      <object_component id="oc-ea">
         <name>.debug_str</name>
         <load_address>0x15e2</load_address>
         <run_address>0x15e2</run_address>
         <size>0x2c9</size>
         <input_file_ref idref="fl-2"/>
      </object_component>
      <object_component id="oc-15e">
         <name>.debug_str</name>
         <load_address>0x18ab</load_address>
         <run_address>0x18ab</run_address>
         <size>0x49e</size>
         <input_file_ref idref="fl-2"/>
      </object_component>
      <object_component id="oc-36">
         <name>.debug_str</name>
         <load_address>0x1d49</load_address>
         <run_address>0x1d49</run_address>
         <size>0xfd</size>
         <input_file_ref idref="fl-2"/>
      </object_component>
      <object_component id="oc-163">
         <name>.debug_str</name>
         <load_address>0x1e46</load_address>
         <run_address>0x1e46</run_address>
         <size>0x35f</size>
         <input_file_ref idref="fl-2"/>
      </object_component>
      <object_component id="oc-c9">
         <name>.debug_str</name>
         <load_address>0x21a5</load_address>
         <run_address>0x21a5</run_address>
         <size>0x161</size>
         <input_file_ref idref="fl-2"/>
      </object_component>
      <object_component id="oc-159">
         <name>.debug_str</name>
         <load_address>0x2306</load_address>
         <run_address>0x2306</run_address>
         <size>0x15e2</size>
         <input_file_ref idref="fl-4"/>
      </object_component>
      <object_component id="oc-e3">
         <name>.debug_str</name>
         <load_address>0x38e8</load_address>
         <run_address>0x38e8</run_address>
         <size>0xff</size>
         <input_file_ref idref="fl-4"/>
      </object_component>
      <object_component id="oc-ce">
         <name>.debug_str</name>
         <load_address>0x39e7</load_address>
         <run_address>0x39e7</run_address>
         <size>0xcf</size>
         <input_file_ref idref="fl-5"/>
      </object_component>
      <object_component id="oc-16a">
         <name>.debug_str</name>
         <load_address>0x3ab6</load_address>
         <run_address>0x3ab6</run_address>
         <size>0xea</size>
         <input_file_ref idref="fl-7"/>
      </object_component>
      <object_component id="oc-97">
         <name>.debug_str</name>
         <load_address>0x3ba0</load_address>
         <run_address>0x3ba0</run_address>
         <size>0x105</size>
         <input_file_ref idref="fl-c4"/>
      </object_component>
      <object_component id="oc-f6">
         <name>.debug_str</name>
         <load_address>0x3ca5</load_address>
         <run_address>0x3ca5</run_address>
         <size>0x140</size>
         <input_file_ref idref="fl-c4"/>
      </object_component>
      <object_component id="oc-41">
         <name>.debug_str</name>
         <load_address>0x3de5</load_address>
         <run_address>0x3de5</run_address>
         <size>0x10b</size>
         <input_file_ref idref="fl-c5"/>
      </object_component>
      <object_component id="oc-8f">
         <name>.debug_str</name>
         <load_address>0x3ef0</load_address>
         <run_address>0x3ef0</run_address>
         <size>0x140</size>
         <input_file_ref idref="fl-c5"/>
      </object_component>
      <object_component id="oc-31">
         <name>.debug_str</name>
         <load_address>0x4030</load_address>
         <run_address>0x4030</run_address>
         <size>0x118</size>
         <input_file_ref idref="fl-c6"/>
      </object_component>
      <object_component id="oc-ef">
         <name>.debug_str</name>
         <load_address>0x4148</load_address>
         <run_address>0x4148</run_address>
         <size>0x16b</size>
         <input_file_ref idref="fl-c6"/>
      </object_component>
      <object_component id="oc-88">
         <name>.debug_str</name>
         <load_address>0x42b3</load_address>
         <run_address>0x42b3</run_address>
         <size>0x158</size>
         <input_file_ref idref="fl-c6"/>
      </object_component>
      <object_component id="oc-1b5">
         <name>.debug_str</name>
         <load_address>0x440b</load_address>
         <run_address>0x440b</run_address>
         <size>0xed</size>
         <input_file_ref idref="fl-ca"/>
      </object_component>
      <object_component id="oc-1c9">
         <name>.debug_str</name>
         <load_address>0x44f8</load_address>
         <run_address>0x44f8</run_address>
         <size>0x157</size>
         <input_file_ref idref="fl-ca"/>
      </object_component>
      <object_component id="oc-1ba">
         <name>.debug_str</name>
         <load_address>0x464f</load_address>
         <run_address>0x464f</run_address>
         <size>0x150</size>
         <input_file_ref idref="fl-ca"/>
      </object_component>
      <object_component id="oc-1bf">
         <name>.debug_str</name>
         <load_address>0x479f</load_address>
         <run_address>0x479f</run_address>
         <size>0x197</size>
         <input_file_ref idref="fl-ca"/>
      </object_component>
      <object_component id="oc-fe">
         <name>.debug_aranges</name>
         <load_address>0x0</load_address>
         <run_address>0x0</run_address>
         <size>0x40</size>
         <input_file_ref idref="fl-2"/>
      </object_component>
      <object_component id="oc-109">
         <name>.debug_aranges</name>
         <load_address>0x40</load_address>
         <run_address>0x40</run_address>
         <size>0x40</size>
         <input_file_ref idref="fl-3"/>
      </object_component>
      <object_component id="oc-7c">
         <name>.debug_aranges</name>
         <load_address>0x80</load_address>
         <run_address>0x80</run_address>
         <size>0x40</size>
         <input_file_ref idref="fl-4"/>
      </object_component>
      <object_component id="oc-6f">
         <name>.debug_aranges</name>
         <load_address>0xc0</load_address>
         <run_address>0xc0</run_address>
         <size>0x70</size>
         <input_file_ref idref="fl-5"/>
      </object_component>
      <object_component id="oc-105">
         <name>.debug_aranges</name>
         <load_address>0x130</load_address>
         <run_address>0x130</run_address>
         <size>0x28</size>
         <input_file_ref idref="fl-6"/>
      </object_component>
      <object_component id="oc-76">
         <name>.debug_aranges</name>
         <load_address>0x158</load_address>
         <run_address>0x158</run_address>
         <size>0x30</size>
         <input_file_ref idref="fl-7"/>
      </object_component>
      <object_component id="oc-a6">
         <name>.debug_aranges</name>
         <load_address>0x188</load_address>
         <run_address>0x188</run_address>
         <size>0x28</size>
         <input_file_ref idref="fl-8"/>
      </object_component>
      <object_component id="oc-6a">
         <name>.debug_aranges</name>
         <load_address>0x1b0</load_address>
         <run_address>0x1b0</run_address>
         <size>0x28</size>
         <input_file_ref idref="fl-9"/>
      </object_component>
      <object_component id="oc-ba">
         <name>.debug_aranges</name>
         <load_address>0x1d8</load_address>
         <run_address>0x1d8</run_address>
         <size>0x28</size>
         <input_file_ref idref="fl-a"/>
      </object_component>
      <object_component id="oc-45">
         <name>.debug_aranges</name>
         <load_address>0x200</load_address>
         <run_address>0x200</run_address>
         <size>0x20</size>
         <input_file_ref idref="fl-c4"/>
      </object_component>
      <object_component id="oc-1f">
         <name>.debug_aranges</name>
         <load_address>0x220</load_address>
         <run_address>0x220</run_address>
         <size>0x20</size>
         <input_file_ref idref="fl-c5"/>
      </object_component>
      <object_component id="oc-19">
         <name>.debug_aranges</name>
         <load_address>0x240</load_address>
         <run_address>0x240</run_address>
         <size>0x20</size>
         <input_file_ref idref="fl-c6"/>
      </object_component>
      <object_component id="oc-56">
         <name>.debug_aranges</name>
         <load_address>0x260</load_address>
         <run_address>0x260</run_address>
         <size>0x20</size>
         <input_file_ref idref="fl-c7"/>
      </object_component>
      <object_component id="oc-39">
         <name>.debug_aranges</name>
         <load_address>0x280</load_address>
         <run_address>0x280</run_address>
         <size>0x20</size>
         <input_file_ref idref="fl-c8"/>
      </object_component>
      <object_component id="oc-120">
         <name>.debug_aranges</name>
         <load_address>0x2a0</load_address>
         <run_address>0x2a0</run_address>
         <size>0x20</size>
         <input_file_ref idref="fl-ca"/>
      </object_component>
      <object_component id="oc-a1">
         <name>.debug_aranges</name>
         <load_address>0x2c0</load_address>
         <run_address>0x2c0</run_address>
         <size>0x20</size>
         <input_file_ref idref="fl-cb"/>
      </object_component>
      <object_component id="oc-114">
         <name>.debug_aranges</name>
         <load_address>0x2e0</load_address>
         <run_address>0x2e0</run_address>
         <size>0x20</size>
         <input_file_ref idref="fl-cd"/>
      </object_component>
      <object_component id="oc-170">
         <name>.debug_pubnames</name>
         <load_address>0x0</load_address>
         <run_address>0x0</run_address>
         <size>0x67</size>
         <input_file_ref idref="fl-2"/>
      </object_component>
      <object_component id="oc-100">
         <name>.debug_pubnames</name>
         <load_address>0x67</load_address>
         <run_address>0x67</run_address>
         <size>0x68</size>
         <input_file_ref idref="fl-2"/>
      </object_component>
      <object_component id="oc-10a">
         <name>.debug_pubnames</name>
         <load_address>0xcf</load_address>
         <run_address>0xcf</run_address>
         <size>0x74</size>
         <input_file_ref idref="fl-3"/>
      </object_component>
      <object_component id="oc-da">
         <name>.debug_pubnames</name>
         <load_address>0x143</load_address>
         <run_address>0x143</run_address>
         <size>0x56</size>
         <input_file_ref idref="fl-4"/>
      </object_component>
      <object_component id="oc-7b">
         <name>.debug_pubnames</name>
         <load_address>0x199</load_address>
         <run_address>0x199</run_address>
         <size>0x77</size>
         <input_file_ref idref="fl-4"/>
      </object_component>
      <object_component id="oc-c0">
         <name>.debug_pubnames</name>
         <load_address>0x210</load_address>
         <run_address>0x210</run_address>
         <size>0x56</size>
         <input_file_ref idref="fl-5"/>
      </object_component>
      <object_component id="oc-70">
         <name>.debug_pubnames</name>
         <load_address>0x266</load_address>
         <run_address>0x266</run_address>
         <size>0xcd</size>
         <input_file_ref idref="fl-5"/>
      </object_component>
      <object_component id="oc-104">
         <name>.debug_pubnames</name>
         <load_address>0x333</load_address>
         <run_address>0x333</run_address>
         <size>0x39</size>
         <input_file_ref idref="fl-6"/>
      </object_component>
      <object_component id="oc-d1">
         <name>.debug_pubnames</name>
         <load_address>0x36c</load_address>
         <run_address>0x36c</run_address>
         <size>0xb0</size>
         <input_file_ref idref="fl-7"/>
      </object_component>
      <object_component id="oc-75">
         <name>.debug_pubnames</name>
         <load_address>0x41c</load_address>
         <run_address>0x41c</run_address>
         <size>0x4e</size>
         <input_file_ref idref="fl-7"/>
      </object_component>
      <object_component id="oc-10f">
         <name>.debug_pubnames</name>
         <load_address>0x46a</load_address>
         <run_address>0x46a</run_address>
         <size>0x23</size>
         <input_file_ref idref="fl-8"/>
      </object_component>
      <object_component id="oc-a8">
         <name>.debug_pubnames</name>
         <load_address>0x48d</load_address>
         <run_address>0x48d</run_address>
         <size>0x33</size>
         <input_file_ref idref="fl-8"/>
      </object_component>
      <object_component id="oc-28">
         <name>.debug_pubnames</name>
         <load_address>0x4c0</load_address>
         <run_address>0x4c0</run_address>
         <size>0x27</size>
         <input_file_ref idref="fl-9"/>
      </object_component>
      <object_component id="oc-69">
         <name>.debug_pubnames</name>
         <load_address>0x4e7</load_address>
         <run_address>0x4e7</run_address>
         <size>0x38</size>
         <input_file_ref idref="fl-9"/>
      </object_component>
      <object_component id="oc-151">
         <name>.debug_pubnames</name>
         <load_address>0x51f</load_address>
         <run_address>0x51f</run_address>
         <size>0x26</size>
         <input_file_ref idref="fl-a"/>
      </object_component>
      <object_component id="oc-bc">
         <name>.debug_pubnames</name>
         <load_address>0x545</load_address>
         <run_address>0x545</run_address>
         <size>0x3b</size>
         <input_file_ref idref="fl-a"/>
      </object_component>
      <object_component id="oc-47">
         <name>.debug_pubnames</name>
         <load_address>0x580</load_address>
         <run_address>0x580</run_address>
         <size>0x2e</size>
         <input_file_ref idref="fl-c4"/>
      </object_component>
      <object_component id="oc-20">
         <name>.debug_pubnames</name>
         <load_address>0x5ae</load_address>
         <run_address>0x5ae</run_address>
         <size>0x2b</size>
         <input_file_ref idref="fl-c5"/>
      </object_component>
      <object_component id="oc-1c">
         <name>.debug_pubnames</name>
         <load_address>0x5d9</load_address>
         <run_address>0x5d9</run_address>
         <size>0x2b</size>
         <input_file_ref idref="fl-c6"/>
      </object_component>
      <object_component id="oc-2b">
         <name>.debug_pubnames</name>
         <load_address>0x604</load_address>
         <run_address>0x604</run_address>
         <size>0x1e</size>
         <input_file_ref idref="fl-c7"/>
      </object_component>
      <object_component id="oc-59">
         <name>.debug_pubnames</name>
         <load_address>0x622</load_address>
         <run_address>0x622</run_address>
         <size>0x26</size>
         <input_file_ref idref="fl-c7"/>
      </object_component>
      <object_component id="oc-3a">
         <name>.debug_pubnames</name>
         <load_address>0x648</load_address>
         <run_address>0x648</run_address>
         <size>0x1d</size>
         <input_file_ref idref="fl-c8"/>
      </object_component>
      <object_component id="oc-122">
         <name>.debug_pubnames</name>
         <load_address>0x665</load_address>
         <run_address>0x665</run_address>
         <size>0x35</size>
         <input_file_ref idref="fl-ca"/>
      </object_component>
      <object_component id="oc-a2">
         <name>.debug_pubnames</name>
         <load_address>0x69a</load_address>
         <run_address>0x69a</run_address>
         <size>0x27</size>
         <input_file_ref idref="fl-cb"/>
      </object_component>
      <object_component id="oc-116">
         <name>.debug_pubnames</name>
         <load_address>0x6c1</load_address>
         <run_address>0x6c1</run_address>
         <size>0x1c</size>
         <input_file_ref idref="fl-cd"/>
      </object_component>
      <object_component id="oc-19b">
         <name>.debug_pubtypes</name>
         <load_address>0x0</load_address>
         <run_address>0x0</run_address>
         <size>0x2ce</size>
         <input_file_ref idref="fl-2"/>
      </object_component>
      <object_component id="oc-e7">
         <name>.debug_pubtypes</name>
         <load_address>0x2ce</load_address>
         <run_address>0x2ce</run_address>
         <size>0x25c</size>
         <input_file_ref idref="fl-2"/>
      </object_component>
      <object_component id="oc-15b">
         <name>.debug_pubtypes</name>
         <load_address>0x52a</load_address>
         <run_address>0x52a</run_address>
         <size>0xdd</size>
         <input_file_ref idref="fl-2"/>
      </object_component>
      <object_component id="oc-33">
         <name>.debug_pubtypes</name>
         <load_address>0x607</load_address>
         <run_address>0x607</run_address>
         <size>0xed</size>
         <input_file_ref idref="fl-2"/>
      </object_component>
      <object_component id="oc-160">
         <name>.debug_pubtypes</name>
         <load_address>0x6f4</load_address>
         <run_address>0x6f4</run_address>
         <size>0x330</size>
         <input_file_ref idref="fl-2"/>
      </object_component>
      <object_component id="oc-c6">
         <name>.debug_pubtypes</name>
         <load_address>0xa24</load_address>
         <run_address>0xa24</run_address>
         <size>0xaa</size>
         <input_file_ref idref="fl-2"/>
      </object_component>
      <object_component id="oc-156">
         <name>.debug_pubtypes</name>
         <load_address>0xace</load_address>
         <run_address>0xace</run_address>
         <size>0x2ce</size>
         <input_file_ref idref="fl-4"/>
      </object_component>
      <object_component id="oc-e0">
         <name>.debug_pubtypes</name>
         <load_address>0xd9c</load_address>
         <run_address>0xd9c</run_address>
         <size>0x30</size>
         <input_file_ref idref="fl-4"/>
      </object_component>
      <object_component id="oc-cb">
         <name>.debug_pubtypes</name>
         <load_address>0xdcc</load_address>
         <run_address>0xdcc</run_address>
         <size>0x20</size>
         <input_file_ref idref="fl-5"/>
      </object_component>
      <object_component id="oc-167">
         <name>.debug_pubtypes</name>
         <load_address>0xdec</load_address>
         <run_address>0xdec</run_address>
         <size>0x27</size>
         <input_file_ref idref="fl-7"/>
      </object_component>
      <object_component id="oc-94">
         <name>.debug_pubtypes</name>
         <load_address>0xe13</load_address>
         <run_address>0xe13</run_address>
         <size>0x48</size>
         <input_file_ref idref="fl-c4"/>
      </object_component>
      <object_component id="oc-f3">
         <name>.debug_pubtypes</name>
[...]
            <load_size>0x8</load_size>
            <run_address>0x20000000</run_address>
            <run_size>0x1f</run_size>
            <compression>zero_init</compression>
         </cprec>
      </cptbl>
   </cptbl_list>
   <handler_table>
      <handler_table_name>__TI_handler_table</handler_table_name>
      <handler>
         <index>0x0</index>
         <name>__TI_decompress_lzss</name>
      </handler>
      <handler>
         <index>0x1</index>
         <name>__TI_decompress_none</name>
      </handler>
      <handler>
         <index>0x2</index>
         <name>__TI_zero_init</name>
      </handler>
   </handler_table>
   <symbol_table>
      <symbol id="sm-1">
         <name>WDTCTL_SYM</name>
         <value>0x4000480c</value>
      </symbol>
      <symbol id="sm-2">
         <name>__start___llvm_prf_cnts</name>
         <value>0x20000000</value>
      </symbol>
      <symbol id="sm-3">
         <name>__stop___llvm_prf_cnts</name>
         <value>0x20000000</value>
      </symbol>
      <symbol id="sm-4">
         <name>__TI_CINIT_Base</name>
         <value>0x14d0</value>
      </symbol>
      <symbol id="sm-5">
         <name>__TI_CINIT_Limit</name>
         <value>0x14e0</value>
      </symbol>
      <symbol id="sm-6">
         <name>__TI_Handler_Table_Base</name>
         <value>0x14b8</value>
      </symbol>
      <symbol id="sm-7">
         <name>__TI_Handler_Table_Limit</name>
         <value>0x14c4</value>
      </symbol>
      <symbol id="sm-8">
         <name>binit</name>
         <value>0xffffffff</value>
      </symbol>
      <symbol id="sm-9">
         <name>__binit__</name>
         <value>0xffffffff</value>
      </symbol>
      <symbol id="sm-a">
         <name>__STACK_SIZE</name>
         <value>0x200</value>
      </symbol>
      <symbol id="sm-b">
         <name>__STACK_END</name>
         <value>0x20010000</value>
      </symbol>
      <symbol id="sm-c">
         <name>__c_args__</name>
         <value>0xffffffff</value>
      </symbol>
      <symbol id="sm-d">
         <name>__TI_pprof_out_hndl</name>
         <value>0xffffffff</value>
      </symbol>
      <symbol id="sm-e">
         <name>__TI_prof_data_start</name>
         <value>0xffffffff</value>
      </symbol>
      <symbol id="sm-f">
         <name>__TI_prof_data_size</name>
         <value>0xffffffff</value>
      </symbol>
      <symbol id="sm-8d">
         <name>Clock_Delay1ms</name>
         <value>0xe99</value>
         <object_component_ref idref="oc-fb"/>
      </symbol>
      <symbol id="sm-8e">
         <name>Crystalstable</name>
         <value>0x20000034</value>
         <object_component_ref idref="oc-16e"/>
      </symbol>
      <symbol id="sm-8f">
         <name>Clock_Delay1us</name>
         <value>0xe6f</value>
         <object_component_ref idref="oc-fb"/>
      </symbol>
      <symbol id="sm-90">
         <name>Clock_GetFreq</name>
         <value>0xe5b</value>
         <object_component_ref idref="oc-fb"/>
      </symbol>
      <symbol id="sm-91">
         <name>Prewait</name>
         <value>0x20000024</value>
         <object_component_ref idref="oc-16e"/>
      </symbol>
      <symbol id="sm-92">
         <name>IFlags</name>
         <value>0x20000030</value>
         <object_component_ref idref="oc-16e"/>
      </symbol>
      <symbol id="sm-93">
         <name>ClockFrequency</name>
         <value>0x20000020</value>
         <object_component_ref idref="oc-16e"/>
      </symbol>
      <symbol id="sm-94">
         <name>Postwait</name>
         <value>0x2000002c</value>
         <object_component_ref idref="oc-16e"/>
      </symbol>
      <symbol id="sm-95">
         <name>delay</name>
         <value>0xe61</value>
         <object_component_ref idref="oc-fb"/>
      </symbol>
      <symbol id="sm-96">
         <name>CPMwait</name>
         <value>0x20000028</value>
         <object_component_ref idref="oc-16e"/>
      </symbol>
      <symbol id="sm-97">
         <name>Clock_Init48MHz</name>
         <value>0xd45</value>
         <object_component_ref idref="oc-fb"/>
      </symbol>
      <symbol id="sm-a5">
         <name>StartCritical</name>
         <value>0x144d</value>
         <object_component_ref idref="oc-107"/>
      </symbol>
      <symbol id="sm-a6">
         <name>EndCritical</name>
         <value>0x1457</value>
         <object_component_ref idref="oc-107"/>
      </symbol>
      <symbol id="sm-a7">
         <name>DisableInterrupts</name>
         <value>0x1441</value>
         <object_component_ref idref="oc-107"/>
      </symbol>
      <symbol id="sm-a8">
         <name>WaitForInterrupt</name>
         <value>0x145f</value>
         <object_component_ref idref="oc-107"/>
      </symbol>
      <symbol id="sm-a9">
         <name>EnableInterrupts</name>
         <value>0x1447</value>
         <object_component_ref idref="oc-107"/>
      </symbol>
      <symbol id="sm-12c">
         <name>LDef_Encoder</name>
         <value>0x20000000</value>
      </symbol>
      <symbol id="sm-12d">
         <name>LOff_Encoder</name>
         <value>0x20000004</value>
      </symbol>
      <symbol id="sm-12e">
         <name>RDef_Encoder</name>
         <value>0x20000008</value>
      </symbol>
      <symbol id="sm-12f">
         <name>ROff_Encoder</name>
         <value>0x2000000c</value>
      </symbol>
      <symbol id="sm-130">
         <name>PORT4_IRQHandler</name>
         <value>0x53d</value>
         <object_component_ref idref="oc-79"/>
      </symbol>
      <symbol id="sm-131">
         <name>PORT1_IRQHandler</name>
         <value>0x1ef</value>
         <object_component_ref idref="oc-79"/>
      </symbol>
      <symbol id="sm-132">
         <name>Encoder_Init</name>
         <value>0xe5</value>
         <object_component_ref idref="oc-79"/>
      </symbol>
      <symbol id="sm-133">
         <name>PORT2_IRQHandler</name>
         <value>0x2e9</value>
         <object_component_ref idref="oc-79"/>
      </symbol>
      <symbol id="sm-134">
         <name>PORT3_IRQHandler</name>
         <value>0x441</value>
         <object_component_ref idref="oc-79"/>
      </symbol>
      <symbol id="sm-18b">
         <name>RDef_PWM_Pin</name>
         <value>0x2000001a</value>
      </symbol>
      <symbol id="sm-18c">
         <name>ROff_PWM_Pin</name>
         <value>0x2000001b</value>
      </symbol>
      <symbol id="sm-18d">
         <name>LDef_PWM_Pin</name>
         <value>0x20000018</value>
      </symbol>
      <symbol id="sm-18e">
         <name>LOff_PWM_Pin</name>
         <value>0x20000019</value>
      </symbol>
      <symbol id="sm-18f">
         <name>SetDuty_ROff</name>
         <value>0x78f</value>
         <object_component_ref idref="oc-6d"/>
      </symbol>
      <symbol id="sm-190">
         <name>SetDuty_RDef</name>
         <value>0x76f</value>
         <object_component_ref idref="oc-6d"/>
      </symbol>
      <symbol id="sm-191">
         <name>SetDir_RDef</name>
         <value>0x7af</value>
         <object_component_ref idref="oc-6d"/>
      </symbol>
      <symbol id="sm-192">
         <name>TA0_0_IRQHandler</name>
         <value>0x8af</value>
         <object_component_ref idref="oc-6d"/>
      </symbol>
      <symbol id="sm-193">
         <name>SetDir_ROff</name>
         <value>0x7ef</value>
         <object_component_ref idref="oc-6d"/>
      </symbol>
      <symbol id="sm-194">
         <name>PWM_Init</name>
         <value>0x651</value>
         <object_component_ref idref="oc-6d"/>
      </symbol>
      <symbol id="sm-195">
         <name>SetDir_LDef</name>
         <value>0x82f</value>
         <object_component_ref idref="oc-6d"/>
      </symbol>
      <symbol id="sm-196">
         <name>TA0_N_IRQHandler</name>
         <value>0x933</value>
         <object_component_ref idref="oc-6d"/>
      </symbol>
      <symbol id="sm-197">
         <name>SetDir_LOff</name>
         <value>0x86f</value>
         <object_component_ref idref="oc-6d"/>
      </symbol>
      <symbol id="sm-198">
         <name>SetDuty_LOff</name>
         <value>0x74f</value>
         <object_component_ref idref="oc-6d"/>
      </symbol>
      <symbol id="sm-199">
         <name>SetDuty_LDef</name>
         <value>0x72f</value>
         <object_component_ref idref="oc-6d"/>
      </symbol>
      <symbol id="sm-1a9">
         <name>ReadSwitches</name>
         <value>0x13ed</value>
         <object_component_ref idref="oc-101"/>
      </symbol>
      <symbol id="sm-1aa">
         <name>SwitchReader_Init</name>
         <value>0x13cd</value>
         <object_component_ref idref="oc-101"/>
      </symbol>
      <symbol id="sm-1e2">
         <name>scratch_offense_position</name>
         <value>0x20000016</value>
      </symbol>
      <symbol id="sm-1e3">
         <name>scratch_defense_position</name>
         <value>0x20000014</value>
      </symbol>
      <symbol id="sm-1e4">
         <name>desired_offense_position</name>
         <value>0x20000012</value>
      </symbol>
      <symbol id="sm-1e5">
         <name>desired_defense_position</name>
         <value>0x20000010</value>
      </symbol>
      <symbol id="sm-1e6">
         <name>offense_rotstate</name>
         <value>0x2000001d</value>
      </symbol>
      <symbol id="sm-1e7">
         <name>defense_rotstate</name>
         <value>0x2000001c</value>
      </symbol>
      <symbol id="sm-1e8">
         <name>UART_A0_OutChar</name>
         <value>0xf91</value>
         <object_component_ref idref="oc-73"/>
      </symbol>
      <symbol id="sm-1e9">
         <name>UART_A0_Init</name>
         <value>0xf25</value>
         <object_component_ref idref="oc-73"/>
      </symbol>
      <symbol id="sm-1ea">
         <name>EUSCIA0_IRQHandler</name>
         <value>0xfad</value>
         <object_component_ref idref="oc-73"/>
      </symbol>
      <symbol id="sm-216">
         <name>switch_image</name>
         <value>0x2000001e</value>
      </symbol>
      <symbol id="sm-217">
         <name>main</name>
         <value>0x1119</value>
         <object_component_ref idref="oc-a5"/>
      </symbol>
      <symbol id="sm-218">
         <name>ProportionalControl</name>
         <value>0x10f1</value>
         <object_component_ref idref="oc-a5"/>
      </symbol>
      <symbol id="sm-22d">
         <name>Reset_Handler</name>
         <value>0x148f</value>
         <object_component_ref idref="oc-67"/>
      </symbol>
      <symbol id="sm-22e">
         <name>Default_Handler</name>
         <value>0x149b</value>
         <object_component_ref idref="oc-67"/>
      </symbol>
      <symbol id="sm-22f">
         <name>interruptVectors</name>
         <value>0x0</value>
         <object_component_ref idref="oc-26"/>
      </symbol>
      <symbol id="sm-277">
         <name>SystemInit</name>
         <value>0xc89</value>
         <object_component_ref idref="oc-b7"/>
      </symbol>
      <symbol id="sm-278">
         <name>SystemCoreClockUpdate</name>
         <value>0xa11</value>
         <object_component_ref idref="oc-b7"/>
      </symbol>
      <symbol id="sm-279">
         <name>SystemCoreClock</name>
         <value>0x20000038</value>
         <object_component_ref idref="oc-14f"/>
      </symbol>
      <symbol id="sm-292">
         <name>__TI_zero_init_nomemset</name>
         <value>0x1465</value>
         <object_component_ref idref="oc-43"/>
      </symbol>
      <symbol id="sm-2a9">
         <name>__TI_decompress_none</name>
         <value>0x1481</value>
         <object_component_ref idref="oc-1d"/>
      </symbol>
      <symbol id="sm-2cc">
         <name>__TI_decompress_lzss</name>
         <value>0x1321</value>
         <object_component_ref idref="oc-17"/>
      </symbol>
      <symbol id="sm-2df">
         <name>__stack</name>
         <value>0x2000fe00</value>
         <object_component_ref idref="oc-29"/>
      </symbol>
      <symbol id="sm-2e0">
         <name>_c_int00_noargs</name>
         <value>0x140d</value>
         <object_component_ref idref="oc-55"/>
      </symbol>
      <symbol id="sm-2fb">
         <name>memcpy</name>
         <value>0x1285</value>
         <object_component_ref idref="oc-37"/>
      </symbol>
      <symbol id="sm-2fc">
         <name>__aeabi_memcpy</name>
         <value>0x1285</value>
         <object_component_ref idref="oc-37"/>
      </symbol>
      <symbol id="sm-2fd">
         <name>__aeabi_memcpy8</name>
         <value>0x1285</value>
         <object_component_ref idref="oc-37"/>
      </symbol>
      <symbol id="sm-2fe">
         <name>__aeabi_memcpy4</name>
         <value>0x1285</value>
         <object_component_ref idref="oc-37"/>
      </symbol>
      <symbol id="sm-327">
         <name>__TI_auto_init_nobinit_nopinit</name>
         <value>0x1389</value>
         <object_component_ref idref="oc-11d"/>
      </symbol>
      <symbol id="sm-331">
         <name>_system_pre_init</name>
         <value>0x149d</value>
         <object_component_ref idref="oc-9f"/>
      </symbol>
      <symbol id="sm-33d">
         <name>C$$EXIT</name>
         <value>0x14a1</value>
         <object_component_ref idref="oc-111"/>
      </symbol>
      <symbol id="sm-33e">
         <name>abort</name>
         <value>0x14a1</value>
         <object_component_ref idref="oc-111"/>
      </symbol>
      <symbol id="sm-341">
         <name>__TI_static_base__</name>
         <value>0x0</value>
      </symbol>
      <symbol id="sm-344">
         <name>__mpu_init</name>
         <value>0x0</value>
      </symbol>
      <symbol id="sm-345">
         <name>_system_post_cinit</name>
         <value>0x0</value>
      </symbol>
      <symbol id="sm-346">
         <name>NMI_Handler</name>
         <value>0x149b</value>
      </symbol>
      <symbol id="sm-347">
         <name>HardFault_Handler</name>
         <value>0x149b</value>
      </symbol>
      <symbol id="sm-348">
         <name>MemManage_Handler</name>
         <value>0x149b</value>
      </symbol>
      <symbol id="sm-349">
         <name>BusFault_Handler</name>
         <value>0x149b</value>
      </symbol>
      <symbol id="sm-34a">
         <name>UsageFault_Handler</name>
         <value>0x149b</value>
      </symbol>
      <symbol id="sm-34b">
         <name>SVC_Handler</name>
         <value>0x149b</value>
      </symbol>
      <symbol id="sm-34c">
         <name>DebugMon_Handler</name>
         <value>0x149b</value>
      </symbol>
      <symbol id="sm-34d">
         <name>PendSV_Handler</name>
         <value>0x149b</value>
      </symbol>
      <symbol id="sm-34e">
         <name>SysTick_Handler</name>
         <value>0x149b</value>
      </symbol>
      <symbol id="sm-34f">
         <name>PSS_IRQHandler</name>
         <value>0x149b</value>
      </symbol>
      <symbol id="sm-350">
         <name>CS_IRQHandler</name>
         <value>0x149b</value>
      </symbol>
      <symbol id="sm-351">
         <name>PCM_IRQHandler</name>
         <value>0x149b</value>
      </symbol>
      <symbol id="sm-352">
         <name>WDT_A_IRQHandler</name>
         <value>0x149b</value>
      </symbol>
      <symbol id="sm-353">
         <name>FPU_IRQHandler</name>
         <value>0x149b</value>
      </symbol>
      <symbol id="sm-354">
         <name>FLCTL_IRQHandler</name>
         <value>0x149b</value>
      </symbol>
      <symbol id="sm-355">
         <name>COMP_E0_IRQHandler</name>
         <value>0x149b</value>
      </symbol>
      <symbol id="sm-356">
         <name>COMP_E1_IRQHandler</name>
         <value>0x149b</value>
      </symbol>
      <symbol id="sm-357">
         <name>TA0_0_IRQHandler</name>
         <value>0x8af</value>
      </symbol>
      <symbol id="sm-358">
         <name>TA0_N_IRQHandler</name>
         <value>0x933</value>
      </symbol>
      <symbol id="sm-359">
         <name>TA1_0_IRQHandler</name>
         <value>0x149b</value>
      </symbol>
      <symbol id="sm-35a">
         <name>TA1_N_IRQHandler</name>
         <value>0x149b</value>
      </symbol>
      <symbol id="sm-35b">
         <name>TA2_0_IRQHandler</name>
         <value>0x149b</value>
      </symbol>
      <symbol id="sm-35c">
         <name>TA2_N_IRQHandler</name>
         <value>0x149b</value>
      </symbol>
      <symbol id="sm-35d">
         <name>TA3_0_IRQHandler</name>
         <value>0x149b</value>
      </symbol>
      <symbol id="sm-35e">
         <name>TA3_N_IRQHandler</name>
         <value>0x149b</value>
      </symbol>
      <symbol id="sm-35f">
         <name>EUSCIA0_IRQHandler</name>
         <value>0xfad</value>
      </symbol>
      <symbol id="sm-360">
         <name>EUSCIA1_IRQHandler</name>
         <value>0x149b</value>
      </symbol>
      <symbol id="sm-361">
         <name>EUSCIA2_IRQHandler</name>
         <value>0x149b</value>
      </symbol>
      <symbol id="sm-362">
         <name>EUSCIA3_IRQHandler</name>
         <value>0x149b</value>
      </symbol>
      <symbol id="sm-363">
         <name>EUSCIB0_IRQHandler</name>
         <value>0x149b</value>
      </symbol>
      <symbol id="sm-364">
         <name>EUSCIB1_IRQHandler</name>
         <value>0x149b</value>
      </symbol>
      <symbol id="sm-365">
         <name>EUSCIB2_IRQHandler</name>
         <value>0x149b</value>
      </symbol>
      <symbol id="sm-366">
         <name>EUSCIB3_IRQHandler</name>
         <value>0x149b</value>
      </symbol>
      <symbol id="sm-367">
         <name>ADC14_IRQHandler</name>
         <value>0x149b</value>
      </symbol>
      <symbol id="sm-368">
         <name>T32_INT1_IRQHandler</name>
         <value>0x149b</value>
      </symbol>
      <symbol id="sm-369">
         <name>T32_INT2_IRQHandler</name>
         <value>0x149b</value>
      </symbol>
      <symbol id="sm-36a">
         <name>T32_INTC_IRQHandler</name>
         <value>0x149b</value>
      </symbol>
      <symbol id="sm-36b">
         <name>AES256_IRQHandler</name>
         <value>0x149b</value>
      </symbol>
      <symbol id="sm-36c">
         <name>RTC_C_IRQHandler</name>
         <value>0x149b</value>
      </symbol>
      <symbol id="sm-36d">
         <name>DMA_ERR_IRQHandler</name>
         <value>0x149b</value>
      </symbol>
      <symbol id="sm-36e">
         <name>DMA_INT3_IRQHandler</name>
         <value>0x149b</value>
      </symbol>
      <symbol id="sm-36f">
         <name>DMA_INT2_IRQHandler</name>
         <value>0x149b</value>
      </symbol>
      <symbol id="sm-370">
         <name>DMA_INT1_IRQHandler</name>
         <value>0x149b</value>
      </symbol>
      <symbol id="sm-371">
         <name>DMA_INT0_IRQHandler</name>
         <value>0x149b</value>
      </symbol>
      <symbol id="sm-372">
         <name>PORT1_IRQHandler</name>
         <value>0x1ef</value>
      </symbol>
      <symbol id="sm-373">
         <name>PORT2_IRQHandler</name>
         <value>0x2e9</value>
      </symbol>
      <symbol id="sm-374">
         <name>PORT3_IRQHandler</name>
         <value>0x441</value>
      </symbol>
      <symbol id="sm-375">
         <name>PORT4_IRQHandler</name>
         <value>0x53d</value>
      </symbol>
      <symbol id="sm-376">
         <name>PORT5_IRQHandler</name>
         <value>0x149b</value>
      </symbol>
      <symbol id="sm-377">
         <name>PORT6_IRQHandler</name>
         <value>0x149b</value>
      </symbol>
   </symbol_table>
   <title>Link successful</title>
</link_info>
